Component: ARM Compiler 5.06 update 4 (build 422) Tool: armlink [4d35d2]

==============================================================================

Section Cross References

    main.o(i.main) refers to misc.o(i.NVIC_PriorityGroupConfig) for NVIC_PriorityGroupConfig
    main.o(i.main) refers to delay.o(i.delay_init) for delay_init
    main.o(i.main) refers to usart.o(i.usart3_init) for usart3_init
    main.o(i.main) refers to lcd.o(i.TFTLCD_Init) for TFTLCD_Init
    main.o(i.main) refers to fpgaspi.o(i.FPGASPIPortInit) for FPGASPIPortInit
    main.o(i.main) refers to ads1118_spi.o(i.ADS1118_SPI_port_init) for ADS1118_SPI_port_init
    main.o(i.main) refers to ad9854.o(i.AD9854Init) for AD9854Init
    main.o(i.main) refers to lcd.o(i.LCD_Clear) for LCD_Clear
    main.o(i.main) refers to lcd.o(i.LCD_Set_Window) for LCD_Set_Window
    main.o(i.main) refers to lcd.o(.data) for POINT_COLOR
    main.o(i.main) refers to main.o(.data) for Coordinates
    main.o(.data) refers to main.o(.conststring) for .conststring
    main.o(.data) refers to lcd.o(i.XLinspace) for XLinspace
    main.o(.data) refers to lcd.o(i.YLinspace) for YLinspace
    main.o(.data) refers to lcd.o(i.Y2Linspace) for Y2Linspace
    main.o(.data) refers to lcd.o(i.CartesianCoordinate) for CartesianCoordinate
    main.o(.data) refers to lcd.o(i.Plot) for Plot
    main.o(.data) refers to lcd.o(i.Plotyy) for Plotyy
    main.o(.data) refers to lcd.o(i.Grid) for Grid
    main.o(.data) refers to lcd.o(i.Legend) for Legend
    main.o(.data) refers to lcd.o(i.Axis) for Axis
    main.o(.data) refers to lcd.o(i.YCursor) for YCursor
    main.o(.data) refers to lcd.o(i.XCursor) for XCursor
    main.o(.data) refers to lcd.o(i.Polar) for Polar
    main.o(.data) refers to lcd.o(i.SemilogY) for SemilogY
    system_stm32f4xx.o(i.SystemCoreClockUpdate) refers to system_stm32f4xx.o(.data) for SystemCoreClock
    system_stm32f4xx.o(i.SystemInit) refers to system_stm32f4xx.o(i.SetSysClock) for SetSysClock
    lcd12864.o(i.LCD12864_PORT_init) refers to stm32f4xx_rcc.o(i.RCC_AHB1PeriphClockCmd) for RCC_AHB1PeriphClockCmd
    lcd12864.o(i.LCD12864_PORT_init) refers to stm32f4xx_gpio.o(i.GPIO_Init) for GPIO_Init
    lcd12864.o(i.LCD_Byte) refers to stm32f4xx_gpio.o(i.GPIO_ResetBits) for GPIO_ResetBits
    lcd12864.o(i.LCD_Byte) refers to delay.o(i.delay_us) for delay_us
    lcd12864.o(i.LCD_Byte) refers to stm32f4xx_gpio.o(i.GPIO_SetBits) for GPIO_SetBits
    lcd12864.o(i.LCD_Command) refers to stm32f4xx_gpio.o(i.GPIO_SetBits) for GPIO_SetBits
    lcd12864.o(i.LCD_Command) refers to lcd12864.o(i.LCD_Byte) for LCD_Byte
    lcd12864.o(i.LCD_Command) refers to delay.o(i.delay_us) for delay_us
    lcd12864.o(i.LCD_Command) refers to stm32f4xx_gpio.o(i.GPIO_ResetBits) for GPIO_ResetBits
    lcd12864.o(i.LCD_Data) refers to stm32f4xx_gpio.o(i.GPIO_SetBits) for GPIO_SetBits
    lcd12864.o(i.LCD_Data) refers to lcd12864.o(i.LCD_Byte) for LCD_Byte
    lcd12864.o(i.LCD_Data) refers to delay.o(i.delay_us) for delay_us
    lcd12864.o(i.LCD_Data) refers to stm32f4xx_gpio.o(i.GPIO_ResetBits) for GPIO_ResetBits
    lcd12864.o(i.LCD_Data2) refers to lcd12864.o(i.LCD_Data) for LCD_Data
    lcd12864.o(i.LCD_Data2End) refers to lcd12864.o(i.LCD_Data) for LCD_Data
    lcd12864.o(i.LCD_GClr) refers to lcd12864.o(i.LCD_GPosSet) for LCD_GPosSet
    lcd12864.o(i.LCD_GClr) refers to lcd12864.o(i.LCD_Data) for LCD_Data
    lcd12864.o(i.LCD_GClr) refers to lcd12864.o(.bss) for LCD_GD
    lcd12864.o(i.LCD_GDot) refers to lcd12864.o(i.LCD_GInt) for LCD_GInt
    lcd12864.o(i.LCD_GDot) refers to lcd12864.o(.bss) for LCD_GD
    lcd12864.o(i.LCD_GGet) refers to lcd12864.o(.bss) for LCD_GD
    lcd12864.o(i.LCD_GInt) refers to lcd12864.o(i.LCD_GPosSet) for LCD_GPosSet
    lcd12864.o(i.LCD_GInt) refers to lcd12864.o(i.LCD_Data2) for LCD_Data2
    lcd12864.o(i.LCD_GInt) refers to lcd12864.o(.bss) for LCD_GD
    lcd12864.o(i.LCD_GLine) refers to dflt_clz.o(x$fpl$dflt) for __aeabi_i2d
    lcd12864.o(i.LCD_GLine) refers to dmul.o(x$fpl$dmul) for __aeabi_dmul
    lcd12864.o(i.LCD_GLine) refers to ddiv.o(x$fpl$ddiv) for __aeabi_ddiv
    lcd12864.o(i.LCD_GLine) refers to d2f.o(x$fpl$d2f) for __aeabi_d2f
    lcd12864.o(i.LCD_GLine) refers to f2d.o(x$fpl$f2d) for __aeabi_f2d
    lcd12864.o(i.LCD_GLine) refers to daddsub_clz.o(x$fpl$dadd) for __aeabi_dadd
    lcd12864.o(i.LCD_GLine) refers to dfix.o(x$fpl$dfix) for __aeabi_d2iz
    lcd12864.o(i.LCD_GNotDot) refers to lcd12864.o(i.LCD_GDot) for LCD_GDot
    lcd12864.o(i.LCD_GNotDot) refers to lcd12864.o(i.LCD_GNot) for LCD_GNot
    lcd12864.o(i.LCD_GNotLine) refers to lcd12864.o(i.LCD_GLine) for LCD_GLine
    lcd12864.o(i.LCD_GNotLine) refers to lcd12864.o(i.LCD_GNotDot) for LCD_GNotDot
    lcd12864.o(i.LCD_GPosSet) refers to lcd12864.o(i.LCD_Command) for LCD_Command
    lcd12864.o(i.LCD_GRect) refers to lcd12864.o(i.LCD_GPosSet) for LCD_GPosSet
    lcd12864.o(i.LCD_GRect) refers to lcd12864.o(i.LCD_Data2) for LCD_Data2
[...]
    i.BusFault_Handler                       0x080009ea   Section        0  stm32f4xx_it.o(i.BusFault_Handler)
    i.COL_IN_PULL_UP                         0x080009f0   Section        0  keyboard.o(i.COL_IN_PULL_UP)
    i.COL_OUT_L                              0x08000a5c   Section        0  keyboard.o(i.COL_OUT_L)
    i.CartesianCoordinate                    0x08000af8   Section        0  lcd.o(i.CartesianCoordinate)
    i.Char_2_Double                          0x08000e78   Section        0  keyboard.o(i.Char_2_Double)
    i.DebugMon_Handler                       0x08000f24   Section        0  stm32f4xx_it.o(i.DebugMon_Handler)
    i.EXTI9_5_IRQHandler                     0x08000f28   Section        0  keyboard.o(i.EXTI9_5_IRQHandler)
    i.EXTI_ClearITPendingBit                 0x08000f54   Section        0  stm32f4xx_exti.o(i.EXTI_ClearITPendingBit)
    i.EXTI_GetITStatus                       0x08000f60   Section        0  stm32f4xx_exti.o(i.EXTI_GetITStatus)
    i.FPGASPIPortInit                        0x08000f78   Section        0  fpgaspi.o(i.FPGASPIPortInit)
    i.FSMC_NORSRAMCmd                        0x08001050   Section        0  stm32f4xx_fsmc.o(i.FSMC_NORSRAMCmd)
    i.FSMC_NORSRAMInit                       0x08001084   Section        0  stm32f4xx_fsmc.o(i.FSMC_NORSRAMInit)
    i.GPIO_Init                              0x0800116a   Section        0  stm32f4xx_gpio.o(i.GPIO_Init)
    i.GPIO_PinAFConfig                       0x080011fa   Section        0  stm32f4xx_gpio.o(i.GPIO_PinAFConfig)
    i.GPIO_ReadInputDataBit                  0x08001240   Section        0  stm32f4xx_gpio.o(i.GPIO_ReadInputDataBit)
    i.GPIO_ResetBits                         0x08001252   Section        0  stm32f4xx_gpio.o(i.GPIO_ResetBits)
    i.GPIO_SetBits                           0x08001256   Section        0  stm32f4xx_gpio.o(i.GPIO_SetBits)
    i.Grid                                   0x0800125c   Section        0  lcd.o(i.Grid)
    i.HardFault_Handler                      0x08001584   Section        0  stm32f4xx_it.o(i.HardFault_Handler)
    i.INoiseTest                             0x08001588   Section        0  guitask.o(i.INoiseTest)
    i.Key0_9Process                          0x08001596   Section        0  guitask.o(i.Key0_9Process)
    i.KeyBackwardProcess                     0x08001598   Section        0  guitask.o(i.KeyBackwardProcess)
    i.KeyDownProcess                         0x080015e8   Section        0  guitask.o(i.KeyDownProcess)
    i.KeyMessageGUIProcess                   0x080016dc   Section        0  guitask.o(i.KeyMessageGUIProcess)
    i.KeyOKProcess                           0x0800207c   Section        0  guitask.o(i.KeyOKProcess)
    i.KeyProcess                             0x0800212c   Section        0  guitask.o(i.KeyProcess)
    i.KeyUpProcess                           0x080021a0   Section        0  guitask.o(i.KeyUpProcess)
    i.LCD_BGR2RGB                            0x080022a8   Section        0  lcd.o(i.LCD_BGR2RGB)
    i.LCD_Clear                              0x080022c4   Section        0  lcd.o(i.LCD_Clear)
    i.LCD_Display_Dir                        0x08002338   Section        0  lcd.o(i.LCD_Display_Dir)
    i.LCD_DrawArrow                          0x080024f8   Section        0  lcd.o(i.LCD_DrawArrow)
    i.LCD_DrawCartesianCoordinate            0x080025cc   Section        0  lcd.o(i.LCD_DrawCartesianCoordinate)
    i.LCD_DrawLine                           0x08002688   Section        0  lcd.o(i.LCD_DrawLine)
    i.LCD_DrawRectangle                      0x08002740   Section        0  lcd.o(i.LCD_DrawRectangle)
    i.LCD_Fast_DrawPoint                     0x0800277c   Section        0  lcd.o(i.LCD_Fast_DrawPoint)
    i.LCD_Fill                               0x080028fc   Section        0  lcd.o(i.LCD_Fill)
    i.LCD_Pow                                0x080029b4   Section        0  lcd.o(i.LCD_Pow)
    i.LCD_RD_DATA                            0x080029cc   Section        0  lcd.o(i.LCD_RD_DATA)
    i.LCD_ReadPoint                          0x080029e0   Section        0  lcd.o(i.LCD_ReadPoint)
    i.LCD_ReadReg                            0x08002b4c   Section        0  lcd.o(i.LCD_ReadReg)
    i.LCD_SSD_BackLightSet                   0x08002b64   Section        0  lcd.o(i.LCD_SSD_BackLightSet)
    i.LCD_Scan_Dir                           0x08002bc4   Section        0  lcd.o(i.LCD_Scan_Dir)
    i.LCD_SetCursor                          0x08002eb0   Section        0  lcd.o(i.LCD_SetCursor)
    i.LCD_Set_Window                         0x08003058   Section        0  lcd.o(i.LCD_Set_Window)
    i.LCD_ShowChar                           0x0800326c   Section        0  lcd.o(i.LCD_ShowChar)
    i.LCD_ShowFloat                          0x080033ac   Section        0  lcd.o(i.LCD_ShowFloat)
    i.LCD_ShowNum                            0x08003608   Section        0  lcd.o(i.LCD_ShowNum)
    i.LCD_ShowString                         0x0800369c   Section        0  lcd.o(i.LCD_ShowString)
    i.LCD_WR_DATA                            0x08003704   Section        0  lcd.o(i.LCD_WR_DATA)
    i.LCD_WR_REG                             0x0800371c   Section        0  lcd.o(i.LCD_WR_REG)
    i.LCD_WriteRAM_Prepare                   0x08003734   Section        0  lcd.o(i.LCD_WriteRAM_Prepare)
    i.LCD_WriteReg                           0x08003748   Section        0  lcd.o(i.LCD_WriteReg)
    i.Legend                                 0x0800375c   Section        0  lcd.o(i.Legend)
    i.MemManage_Handler                      0x080037d4   Section        0  stm32f4xx_it.o(i.MemManage_Handler)
    i.NMI_Handler                            0x080037d8   Section        0  stm32f4xx_it.o(i.NMI_Handler)
    i.NVIC_Init                              0x080037dc   Section        0  misc.o(i.NVIC_Init)
    i.NVIC_PriorityGroupConfig               0x08003854   Section        0  misc.o(i.NVIC_PriorityGroupConfig)
    i.PendSV_Handler                         0x08003868   Section        0  stm32f4xx_it.o(i.PendSV_Handler)
    i.PhaseFreq                              0x0800386c   Section        0  guitask.o(i.PhaseFreq)
    i.Plot                                   0x08003960   Section        0  lcd.o(i.Plot)
    i.Plotyy                                 0x08003bca   Section        0  lcd.o(i.Plotyy)
    i.Polar                                  0x08003f34   Section        0  lcd.o(i.Polar)
    i.RCC_AHB1PeriphClockCmd                 0x08003f38   Section        0  stm32f4xx_rcc.o(i.RCC_AHB1PeriphClockCmd)
    i.RCC_AHB3PeriphClockCmd                 0x08003f58   Section        0  stm32f4xx_rcc.o(i.RCC_AHB3PeriphClockCmd)
    i.RCC_APB1PeriphClockCmd                 0x08003f78   Section        0  stm32f4xx_rcc.o(i.RCC_APB1PeriphClockCmd)
    i.RCC_GetClocksFreq                      0x08003f98   Section        0  stm32f4xx_rcc.o(i.RCC_GetClocksFreq)
    i.ROW_H_COL_L                            0x08004080   Section        0  keyboard.o(i.ROW_H_COL_L)
    i.ROW_IN_PULL_UP                         0x0800408c   Section        0  keyboard.o(i.ROW_IN_PULL_UP)
    i.ROW_L_COL_H                            0x080040f4   Section        0  keyboard.o(i.ROW_L_COL_H)
    i.ROW_OUT_L                              0x08004100   Section        0  keyboard.o(i.ROW_OUT_L)
    i.ReadKeyBoard                           0x08004190   Section        0  keyboard.o(i.ReadKeyBoard)
    i.SVC_Handler                            0x08004328   Section        0  stm32f4xx_it.o(i.SVC_Handler)
    i.SemilogY                               0x0800432a   Section        0  lcd.o(i.SemilogY)
    i.SetSysClock                            0x0800432c   Section        0  system_stm32f4xx.o(i.SetSysClock)
    SetSysClock                              0x0800432d   Thumb Code   220  system_stm32f4xx.o(i.SetSysClock)
    i.Stack_Pop                              0x08004418   Section        0  guitask.o(i.Stack_Pop)
    i.Stack_Push                             0x0800444a   Section        0  guitask.o(i.Stack_Push)
    i.SysTick_CLKSourceConfig                0x08004470   Section        0  misc.o(i.SysTick_CLKSourceConfig)
    i.SysTick_Handler                        0x08004498   Section        0  stm32f4xx_it.o(i.SysTick_Handler)
    i.SystemInit                             0x0800449c   Section        0  system_stm32f4xx.o(i.SystemInit)
    i.TFTLCD_Init                            0x08004504   Section        0  lcd.o(i.TFTLCD_Init)
    i.TestCol                                0x08007e80   Section        0  keyboard.o(i.TestCol)
    i.TestRow                                0x08007edc   Section        0  keyboard.o(i.TestRow)
    i.USART3_IRQHandler                      0x08007f30   Section        0  usart.o(i.USART3_IRQHandler)
    i.USART_ClearFlag                        0x08007f9c   Section        0  stm32f4xx_usart.o(i.USART_ClearFlag)
    i.USART_ClearITPendingBit                0x08007fae   Section        0  stm32f4xx_usart.o(i.USART_ClearITPendingBit)
    i.USART_Cmd                              0x08007fcc   Section        0  stm32f4xx_usart.o(i.USART_Cmd)
    i.USART_GetITStatus                      0x08007fe4   Section        0  stm32f4xx_usart.o(i.USART_GetITStatus)
    i.USART_ITConfig                         0x08008038   Section        0  stm32f4xx_usart.o(i.USART_ITConfig)
    i.USART_Init                             0x08008084   Section        0  stm32f4xx_usart.o(i.USART_Init)
    i.USART_ReceiveData                      0x08008158   Section        0  stm32f4xx_usart.o(i.USART_ReceiveData)
    i.UsageFault_Handler                     0x08008162   Section        0  stm32f4xx_it.o(i.UsageFault_Handler)
    i.XCursor                                0x08008166   Section        0  lcd.o(i.XCursor)
    i.XLinspace                              0x08008168   Section        0  lcd.o(i.XLinspace)
    i.Y2Linspace                             0x080081e8   Section        0  lcd.o(i.Y2Linspace)
    i.YCursor                                0x08008268   Section        0  lcd.o(i.YCursor)
    i.YLinspace                              0x08008290   Section        0  lcd.o(i.YLinspace)
    i.__ARM_fpclassify                       0x08008310   Section        0  fpclassify.o(i.__ARM_fpclassify)
    i.__hardfp_atan                          0x08008340   Section        0  atan.o(i.__hardfp_atan)
    i.__hardfp_log                           0x08008618   Section        0  log.o(i.__hardfp_log)
    i.__hardfp_log10                         0x080089e0   Section        0  log10.o(i.__hardfp_log10)
    i.__hardfp_sqrt                          0x08008b10   Section        0  sqrt.o(i.__hardfp_sqrt)
    i.__kernel_poly                          0x08008b8a   Section        0  poly.o(i.__kernel_poly)
    i.__mathlib_dbl_divzero                  0x08008c88   Section        0  dunder.o(i.__mathlib_dbl_divzero)
    i.__mathlib_dbl_infnan                   0x08008cb8   Section        0  dunder.o(i.__mathlib_dbl_infnan)
    i.__mathlib_dbl_invalid                  0x08008cd0   Section        0  dunder.o(i.__mathlib_dbl_invalid)
    i.__mathlib_dbl_underflow                0x08008cf0   Section        0  dunder.o(i.__mathlib_dbl_underflow)
    i._sys_exit                              0x08008d10   Section        0  usart.o(i._sys_exit)
    i.delay_init                             0x08008d14   Section        0  delay.o(i.delay_init)
    i.delay_ms                               0x08008d50   Section        0  delay.o(i.delay_ms)
    i.delay_us                               0x08008d88   Section        0  delay.o(i.delay_us)
    i.delay_xms                              0x08008dd4   Section        0  delay.o(i.delay_xms)
    i.fabs                                   0x08008e20   Section        0  fabs.o(i.fabs)
    i.input_double_s                         0x08008e38   Section        0  keyboard.o(i.input_double_s)
    i.log                                    0x08008fd0   Section        0  log.o(i.log)
    i.main                                   0x08008fe0   Section        0  main.o(i.main)
    i.opt_delay                              0x080090b4   Section        0  lcd.o(i.opt_delay)
    i.preTest                                0x080090c2   Section        0  guitask.o(i.preTest)
    i.reset_init                             0x08009118   Section        0  lcd.o(i.reset_init)
    i.usart3_init                            0x0800914c   Section        0  usart.o(i.usart3_init)
    x$fpl$basic                              0x08009200   Section       24  basic.o(x$fpl$basic)
    $v0                                      0x08009200   Number         0  basic.o(x$fpl$basic)
    x$fpl$dadd                               0x08009218   Section      336  daddsub_clz.o(x$fpl$dadd)
    $v0                                      0x08009218   Number         0  daddsub_clz.o(x$fpl$dadd)
    _dadd1                                   0x08009229   Thumb Code     0  daddsub_clz.o(x$fpl$dadd)
    x$fpl$dcmpinf                            0x08009368   Section       24  dcmpi.o(x$fpl$dcmpinf)
    $v0                                      0x08009368   Number         0  dcmpi.o(x$fpl$dcmpinf)
    x$fpl$ddiv                               0x08009380   Section      688  ddiv.o(x$fpl$ddiv)
    $v0                                      0x08009380   Number         0  ddiv.o(x$fpl$ddiv)
    ddiv_entry                               0x08009387   Thumb Code     0  ddiv.o(x$fpl$ddiv)
    x$fpl$deqf                               0x08009630   Section      120  deqf.o(x$fpl$deqf)
    $v0                                      0x08009630   Number         0  deqf.o(x$fpl$deqf)
    x$fpl$dfixu                              0x080096a8   Section       90  dfixu.o(x$fpl$dfixu)
    $v0                                      0x080096a8   Number         0  dfixu.o(x$fpl$dfixu)
    x$fpl$dflt                               0x08009702   Section       46  dflt_clz.o(x$fpl$dflt)
    $v0                                      0x08009702   Number         0  dflt_clz.o(x$fpl$dflt)
    x$fpl$dfltll                             0x08009730   Section      162  dfltll_clz.o(x$fpl$dfltll)
    $v0                                      0x08009730   Number         0  dfltll_clz.o(x$fpl$dfltll)
    x$fpl$dfltu                              0x080097d2   Section       38  dflt_clz.o(x$fpl$dfltu)
    $v0                                      0x080097d2   Number         0  dflt_clz.o(x$fpl$dfltu)
    x$fpl$dfltull                            0x080097f8   Section      138  dfltll_clz.o(x$fpl$dfltull)
    $v0                                      0x080097f8   Number         0  dfltll_clz.o(x$fpl$dfltull)
    x$fpl$dleqf                              0x08009884   Section      120  dleqf.o(x$fpl$dleqf)
    $v0                                      0x08009884   Number         0  dleqf.o(x$fpl$dleqf)
    x$fpl$dmul                               0x080098fc   Section      340  dmul.o(x$fpl$dmul)
    $v0                                      0x080098fc   Number         0  dmul.o(x$fpl$dmul)
    x$fpl$dnaninf                            0x08009a50   Section      156  dnaninf.o(x$fpl$dnaninf)
    $v0                                      0x08009a50   Number         0  dnaninf.o(x$fpl$dnaninf)
    x$fpl$dretinf                            0x08009aec   Section       12  dretinf.o(x$fpl$dretinf)
    $v0                                      0x08009aec   Number         0  dretinf.o(x$fpl$dretinf)
    x$fpl$drleqf                             0x08009af8   Section      108  drleqf.o(x$fpl$drleqf)
    $v0                                      0x08009af8   Number         0  drleqf.o(x$fpl$drleqf)
    x$fpl$drsb                               0x08009b64   Section       22  daddsub_clz.o(x$fpl$drsb)
    $v0                                      0x08009b64   Number         0  daddsub_clz.o(x$fpl$drsb)
    x$fpl$dsqrt                              0x08009b7c   Section      408  dsqrt_umaal.o(x$fpl$dsqrt)
    $v0                                      0x08009b7c   Number         0  dsqrt_umaal.o(x$fpl$dsqrt)
    x$fpl$dsub                               0x08009d14   Section      468  daddsub_clz.o(x$fpl$dsub)
    $v0                                      0x08009d14   Number         0  daddsub_clz.o(x$fpl$dsub)
    _dsub1                                   0x08009d25   Thumb Code     0  daddsub_clz.o(x$fpl$dsub)
    x$fpl$f2d                                0x08009ee8   Section       86  f2d.o(x$fpl$f2d)
    $v0                                      0x08009ee8   Number         0  f2d.o(x$fpl$f2d)
    x$fpl$fnaninf                            0x08009f3e   Section      140  fnaninf.o(x$fpl$fnaninf)
    $v0                                      0x08009f3e   Number         0  fnaninf.o(x$fpl$fnaninf)
    x$fpl$fpinit                             0x08009fca   Section       10  fpinit.o(x$fpl$fpinit)
    $v0                                      0x08009fca   Number         0  fpinit.o(x$fpl$fpinit)
    x$fpl$llufromd                           0x08009fd4   Section      120  dfixull.o(x$fpl$llufromd)
    $v0                                      0x08009fd4   Number         0  dfixull.o(x$fpl$llufromd)
    .constdata                               0x0800a04c   Section       16  keyboard.o(.constdata)
    x$fpl$usenofp                            0x0800a04c   Section        0  usenofp.o(x$fpl$usenofp)
    .constdata                               0x0800a05c   Section    19760  lcd.o(.constdata)
    .constdata                               0x0800ed90   Section      152  atan.o(.constdata)
    atanhi                                   0x0800ed90   Data          32  atan.o(.constdata)
    atanlo                                   0x0800edb0   Data          32  atan.o(.constdata)
    aTodd                                    0x0800edd0   Data          40  atan.o(.constdata)
    aTeven                                   0x0800edf8   Data          48  atan.o(.constdata)
    .constdata                               0x0800ee28   Section       56  log.o(.constdata)
    Lg2                                      0x0800ee28   Data          24  log.o(.constdata)
    Lg                                       0x0800ee40   Data          32  log.o(.constdata)
    .constdata                               0x0800ee60   Section        8  qnan.o(.constdata)
    .conststring                             0x0800ee68   Section       29  main.o(.conststring)
    .data                                    0x20000000   Section     2800  main.o(.data)
    addr                                     0x20000000   Data          12  main.o(.data)
    addrRead                                 0x2000000c   Data          12  main.o(.data)
    AMPI                                     0x20000018   Data           2  main.o(.data)
    AMPQ                                     0x2000001a   Data           2  main.o(.data)
    freqbg                                   0x2000001c   Data           6  main.o(.data)
    freqend                                  0x20000022   Data           6  main.o(.data)
    freqstep                                 0x20000028   Data           6  main.o(.data)
    freqstay                                 0x2000002e   Data           3  main.o(.data)
    ctr                                      0x20000031   Data           4  main.o(.data)
    ctrsw                                    0x20000035   Data           4  main.o(.data)
    .data                                    0x20000af0   Section       32  keyboard.o(.data)
    temp_int_s                               0x20000b00   Data           4  keyboard.o(.data)
    i                                        0x20000b04   Data           4  keyboard.o(.data)
    i                                        0x20000b08   Data           4  keyboard.o(.data)
    i                                        0x20000b0c   Data           4  keyboard.o(.data)
    .data                                    0x20000b10   Section        2  ads1118_spi.o(.data)
    .data                                    0x20000b12   Section       63  ad9854.o(.data)
    addr                                     0x20000b12   Data          12  ad9854.o(.data)
    addrRead                                 0x20000b1e   Data          12  ad9854.o(.data)
    AMPI                                     0x20000b2a   Data           2  ad9854.o(.data)
    AMPQ                                     0x20000b2c   Data           2  ad9854.o(.data)
    freqbg                                   0x20000b2e   Data           6  ad9854.o(.data)
    freqend                                  0x20000b34   Data           6  ad9854.o(.data)
    freqstep                                 0x20000b3a   Data           6  ad9854.o(.data)
    freqstay                                 0x20000b40   Data           3  ad9854.o(.data)
    ctr                                      0x20000b43   Data           4  ad9854.o(.data)
    ctrsw                                    0x20000b47   Data           4  ad9854.o(.data)
    .data                                    0x20000b52   Section        4  lcd.o(.data)
    .data                                    0x20000b56   Section        4  delay.o(.data)
    fac_us                                   0x20000b56   Data           1  delay.o(.data)
    fac_ms                                   0x20000b58   Data           2  delay.o(.data)
    .data                                    0x20000b5c   Section        8  usart.o(.data)
    .data                                    0x20000b64   Section       16  stm32f4xx_rcc.o(.data)
    APBAHBPrescTable                         0x20000b64   Data          16  stm32f4xx_rcc.o(.data)
    .data                                    0x20000b78   Section    17784  guitask.o(.data)
    addr                                     0x20000b78   Data          12  guitask.o(.data)
    addrRead                                 0x20000b84   Data          12  guitask.o(.data)
    AMPI                                     0x20000b90   Data           2  guitask.o(.data)
    AMPQ                                     0x20000b92   Data           2  guitask.o(.data)
    freqbg                                   0x20000b94   Data           6  guitask.o(.data)
    freqend                                  0x20000b9a   Data           6  guitask.o(.data)
    freqstep                                 0x20000ba0   Data           6  guitask.o(.data)
    freqstay                                 0x20000ba6   Data           3  guitask.o(.data)
    ctr                                      0x20000ba9   Data           4  guitask.o(.data)
    ctrsw                                    0x20000bad   Data           4  guitask.o(.data)
    CuttingOutFlag                           0x20000bc5   Data           1  guitask.o(.data)
    CosCorrectionFlag                        0x20000bc6   Data           1  guitask.o(.data)
    .bss                                     0x200050f0   Section       51  keyboard.o(.bss)
    CHAR_temp                                0x200050f0   Data          17  keyboard.o(.bss)
    CHAR_temp                                0x20005101   Data          17  keyboard.o(.bss)
    CHAR_temp                                0x20005112   Data          17  keyboard.o(.bss)
    .bss                                     0x20005128   Section       40  ads1118_spi.o(.bss)
    .bss                                     0x20005150   Section       14  lcd.o(.bss)
    .bss                                     0x2000515e   Section      200  usart.o(.bss)
    .bss                                     0x20005226   Section       20  guitask.o(.bss)
    .bss                                     0x2000523c   Section       96  libspace.o(.bss)
    HEAP                                     0x200052a0   Section      512  startup_stm32f40_41xxx.o(HEAP)
    Heap_Mem                                 0x200052a0   Data         512  startup_stm32f40_41xxx.o(HEAP)
    STACK                                    0x200054a0   Section     1024  startup_stm32f40_41xxx.o(STACK)
    Stack_Mem                                0x200054a0   Data        1024  startup_stm32f40_41xxx.o(STACK)
    __initial_sp                             0x200058a0   Data           0  startup_stm32f40_41xxx.o(STACK)

    Global Symbols

    Symbol Name                              Value     Ov Type        Size  Object(Section)

    BuildAttributes$$THM_ISAv4$E$P$D$K$B$S$7EM$VFPi3$EXTD16$VFPS$VFMA$PE$A:L22UL41UL21$X:L11$S22US41US21$IEEE1$IW$USESV6$~STKCKD$USESV7$~SHL$OTIME$ROPI$IEEEX$EBA8$UX$STANDARDLIB$REQ8$PRES8$EABIv2 0x00000000   Number         0  anon$$obj.o ABSOLUTE
    __ARM_use_no_argv                        0x00000000   Number         0  main.o ABSOLUTE
    __ARM_exceptions_init                     - Undefined Weak Reference
    __alloca_initialize                       - Undefined Weak Reference
    __arm_preinit_                            - Undefined Weak Reference
    __cpp_initialize__aeabi_                  - Undefined Weak Reference
    __cxa_finalize                            - Undefined Weak Reference
    __rt_locale                               - Undefined Weak Reference
    __sigvec_lookup                           - Undefined Weak Reference
    _atexit_init                              - Undefined Weak Reference
    _call_atexit_fns                          - Undefined Weak Reference
    _clock_init                               - Undefined Weak Reference
    _fp_trap_init                             - Undefined Weak Reference
    _fp_trap_shutdown                         - Undefined Weak Reference
    _get_lc_collate                           - Undefined Weak Reference
    _get_lc_ctype                             - Undefined Weak Reference
    _get_lc_monetary                          - Undefined Weak Reference
    _get_lc_numeric                           - Undefined Weak Reference
    _get_lc_time                              - Undefined Weak Reference
    _getenv_init                              - Undefined Weak Reference
    _handle_redirection                       - Undefined Weak Reference
    _init_alloc                               - Undefined Weak Reference
    _init_user_alloc                          - Undefined Weak Reference
    _initio                                   - Undefined Weak Reference
    _rand_init                                - Undefined Weak Reference
    _signal_finish                            - Undefined Weak Reference
    _signal_init                              - Undefined Weak Reference
    _terminate_alloc                          - Undefined Weak Reference
    _terminate_user_alloc                     - Undefined Weak Reference
    _terminateio                              - Undefined Weak Reference
    __Vectors_Size                           0x00000188   Number         0  startup_stm32f40_41xxx.o ABSOLUTE
    __Vectors                                0x08000000   Data           4  startup_stm32f40_41xxx.o(RESET)
    __Vectors_End                            0x08000188   Data           0  startup_stm32f40_41xxx.o(RESET)
    __main                                   0x08000189   Thumb Code     8  __main.o(!!!main)
    __scatterload                            0x08000191   Thumb Code     0  __scatter.o(!!!scatter)
    __scatterload_rt2                        0x08000191   Thumb Code    44  __scatter.o(!!!scatter)
    __scatterload_rt2_thumb_only             0x08000191   Thumb Code     0  __scatter.o(!!!scatter)
    __scatterload_null                       0x0800019f   Thumb Code     0  __scatter.o(!!!scatter)
    __decompress                             0x080001c5   Thumb Code    90  __dczerorl2.o(!!dczerorl2)
    __decompress1                            0x080001c5   Thumb Code     0  __dczerorl2.o(!!dczerorl2)
    __scatterload_zeroinit                   0x08000221   Thumb Code    28  __scatter_zi.o(!!handler_zi)
    __rt_lib_init                            0x0800023d   Thumb Code     0  libinit.o(.ARM.Collect$$libinit$$00000000)
    __rt_lib_init_fp_1                       0x0800023f   Thumb Code     0  libinit2.o(.ARM.Collect$$libinit$$00000001)
    __rt_lib_init_alloca_1                   0x08000243   Thumb Code     0  libinit2.o(.ARM.Collect$$libinit$$0000002E)
    __rt_lib_init_argv_1                     0x08000243   Thumb Code     0  libinit2.o(.ARM.Collect$$libinit$$0000002C)
    __rt_lib_init_atexit_1                   0x08000243   Thumb Code     0  libinit2.o(.ARM.Collect$$libinit$$0000001B)
    __rt_lib_init_clock_1                    0x08000243   Thumb Code     0  libinit2.o(.ARM.Collect$$libinit$$00000021)
    __rt_lib_init_cpp_1                      0x08000243   Thumb Code     0  libinit2.o(.ARM.Collect$$libinit$$00000032)
    __rt_lib_init_exceptions_1               0x08000243   Thumb Code     0  libinit2.o(.ARM.Collect$$libinit$$00000030)
    __rt_lib_init_fp_trap_1                  0x08000243   Thumb Code     0  libinit2.o(.ARM.Collect$$libinit$$0000001F)
    __rt_lib_init_getenv_1                   0x08000243   Thumb Code     0  libinit2.o(.ARM.Collect$$libinit$$00000023)
    __rt_lib_init_heap_1                     0x08000243   Thumb Code     0  libinit2.o(.ARM.Collect$$libinit$$0000000A)
    __rt_lib_init_lc_collate_1               0x08000243   Thumb Code     0  libinit2.o(.ARM.Collect$$libinit$$00000011)
    __rt_lib_init_lc_ctype_1                 0x08000243   Thumb Code     0  libinit2.o(.ARM.Collect$$libinit$$00000013)
    __rt_lib_init_lc_monetary_1              0x08000243   Thumb Code     0  libinit2.o(.ARM.Collect$$libinit$$00000015)
    __rt_lib_init_lc_numeric_1               0x08000243   Thumb Code     0  libinit2.o(.ARM.Collect$$libinit$$00000017)
    __rt_lib_init_lc_time_1                  0x08000243   Thumb Code     0  libinit2.o(.ARM.Collect$$libinit$$00000019)
    __rt_lib_init_preinit_1                  0x08000243   Thumb Code     0  libinit2.o(.ARM.Collect$$libinit$$00000004)
    __rt_lib_init_rand_1                     0x08000243   Thumb Code     0  libinit2.o(.ARM.Collect$$libinit$$0000000E)
    __rt_lib_init_return                     0x08000243   Thumb Code     0  libinit2.o(.ARM.Collect$$libinit$$00000033)
    __rt_lib_init_signal_1                   0x08000243   Thumb Code     0  libinit2.o(.ARM.Collect$$libinit$$0000001D)
    __rt_lib_init_stdio_1                    0x08000243   Thumb Code     0  libinit2.o(.ARM.Collect$$libinit$$00000025)
    __rt_lib_init_user_alloc_1               0x08000243   Thumb Code     0  libinit2.o(.ARM.Collect$$libinit$$0000000C)
    __rt_lib_shutdown                        0x08000245   Thumb Code     0  libshutdown.o(.ARM.Collect$$libshutdown$$00000000)
    __rt_lib_shutdown_cpp_1                  0x08000247   Thumb Code     0  libshutdown2.o(.ARM.Collect$$libshutdown$$00000002)
    __rt_lib_shutdown_fp_trap_1              0x08000247   Thumb Code     0  libshutdown2.o(.ARM.Collect$$libshutdown$$00000007)
    __rt_lib_shutdown_heap_1                 0x08000247   Thumb Code     0  libshutdown2.o(.ARM.Collect$$libshutdown$$0000000F)
    __rt_lib_shutdown_return                 0x08000247   Thumb Code     0  libshutdown2.o(.ARM.Collect$$libshutdown$$00000010)
    __rt_lib_shutdown_signal_1               0x08000247   Thumb Code     0  libshutdown2.o(.ARM.Collect$$libshutdown$$0000000A)
    __rt_lib_shutdown_stdio_1                0x08000247   Thumb Code     0  libshutdown2.o(.ARM.Collect$$libshutdown$$00000004)
    __rt_lib_shutdown_user_alloc_1           0x08000247   Thumb Code     0  libshutdown2.o(.ARM.Collect$$libshutdown$$0000000C)
    __rt_entry                               0x08000249   Thumb Code     0  __rtentry.o(.ARM.Collect$$rtentry$$00000000)
    __rt_entry_presh_1                       0x08000249   Thumb Code     0  __rtentry2.o(.ARM.Collect$$rtentry$$00000002)
    __rt_entry_sh                            0x08000249   Thumb Code     0  __rtentry4.o(.ARM.Collect$$rtentry$$00000004)
    __rt_entry_li                            0x0800024f   Thumb Code     0  __rtentry2.o(.ARM.Collect$$rtentry$$0000000A)
    __rt_entry_postsh_1                      0x0800024f   Thumb Code     0  __rtentry2.o(.ARM.Collect$$rtentry$$00000009)
    __rt_entry_main                          0x08000253   Thumb Code     0  __rtentry2.o(.ARM.Collect$$rtentry$$0000000D)
    __rt_entry_postli_1                      0x08000253   Thumb Code     0  __rtentry2.o(.ARM.Collect$$rtentry$$0000000C)
    __rt_exit                                0x0800025b   Thumb Code     0  rtexit.o(.ARM.Collect$$rtexit$$00000000)
    __rt_exit_ls                             0x0800025d   Thumb Code     0  rtexit2.o(.ARM.Collect$$rtexit$$00000003)
    __rt_exit_prels_1                        0x0800025d   Thumb Code     0  rtexit2.o(.ARM.Collect$$rtexit$$00000002)
    __rt_exit_exit                           0x08000261   Thumb Code     0  rtexit2.o(.ARM.Collect$$rtexit$$00000004)
    Reset_Handler                            0x08000269   Thumb Code     8  startup_stm32f40_41xxx.o(.text)
    ADC_IRQHandler                           0x08000283   Thumb Code     0  startup_stm32f40_41xxx.o(.text)
    CAN1_RX0_IRQHandler                      0x08000283   Thumb Code     0  startup_stm32f40_41xxx.o(.text)
    CAN1_RX1_IRQHandler                      0x08000283   Thumb Code     0  startup_stm32f40_41xxx.o(.text)
    CAN1_SCE_IRQHandler                      0x08000283   Thumb Code     0  startup_stm32f40_41xxx.o(.text)
    CAN1_TX_IRQHandler                       0x08000283   Thumb Code     0  startup_stm32f40_41xxx.o(.text)
    CAN2_RX0_IRQHandler                      0x08000283   Thumb Code     0  startup_stm32f40_41xxx.o(.text)
    CAN2_RX1_IRQHandler                      0x08000283   Thumb Code     0  startup_stm32f40_41xxx.o(.text)
    CAN2_SCE_IRQHandler                      0x08000283   Thumb Code     0  startup_stm32f40_41xxx.o(.text)
    CAN2_TX_IRQHandler                       0x08000283   Thumb Code     0  startup_stm32f40_41xxx.o(.text)
    CRYP_IRQHandler                          0x08000283   Thumb Code     0  startup_stm32f40_41xxx.o(.text)
    DCMI_IRQHandler                          0x08000283   Thumb Code     0  startup_stm32f40_41xxx.o(.text)
    DMA1_Stream0_IRQHandler                  0x08000283   Thumb Code     0  startup_stm32f40_41xxx.o(.text)
    DMA1_Stream1_IRQHandler                  0x08000283   Thumb Code     0  startup_stm32f40_41xxx.o(.text)
    DMA1_Stream2_IRQHandler                  0x08000283   Thumb Code     0  startup_stm32f40_41xxx.o(.text)
    DMA1_Stream3_IRQHandler                  0x08000283   Thumb Code     0  startup_stm32f40_41xxx.o(.text)
    DMA1_Stream4_IRQHandler                  0x08000283   Thumb Code     0  startup_stm32f40_41xxx.o(.text)
    DMA1_Stream5_IRQHandler                  0x08000283   Thumb Code     0  startup_stm32f40_41xxx.o(.text)
    DMA1_Stream6_IRQHandler                  0x08000283   Thumb Code     0  startup_stm32f40_41xxx.o(.text)
    DMA1_Stream7_IRQHandler                  0x08000283   Thumb Code     0  startup_stm32f40_41xxx.o(.text)
    DMA2_Stream0_IRQHandler                  0x08000283   Thumb Code     0  startup_stm32f40_41xxx.o(.text)
    DMA2_Stream1_IRQHandler                  0x08000283   Thumb Code     0  startup_stm32f40_41xxx.o(.text)
    DMA2_Stream2_IRQHandler                  0x08000283   Thumb Code     0  startup_stm32f40_41xxx.o(.text)
    DMA2_Stream3_IRQHandler                  0x08000283   Thumb Code     0  startup_stm32f40_41xxx.o(.text)
    DMA2_Stream4_IRQHandler                  0x08000283   Thumb Code     0  startup_stm32f40_41xxx.o(.text)
    DMA2_Stream5_IRQHandler                  0x08000283   Thumb Code     0  startup_stm32f40_41xxx.o(.text)
    DMA2_Stream6_IRQHandler                  0x08000283   Thumb Code     0  startup_stm32f40_41xxx.o(.text)
    DMA2_Stream7_IRQHandler                  0x08000283   Thumb Code     0  startup_stm32f40_41xxx.o(.text)
    ETH_IRQHandler                           0x08000283   Thumb Code     0  startup_stm32f40_41xxx.o(.text)
    ETH_WKUP_IRQHandler                      0x08000283   Thumb Code     0  startup_stm32f40_41xxx.o(.text)
    EXTI0_IRQHandler                         0x08000283   Thumb Code     0  startup_stm32f40_41xxx.o(.text)
    EXTI15_10_IRQHandler                     0x08000283   Thumb Code     0  startup_stm32f40_41xxx.o(.text)
    EXTI1_IRQHandler                         0x08000283   Thumb Code     0  startup_stm32f40_41xxx.o(.text)
    EXTI2_IRQHandler                         0x08000283   Thumb Code     0  startup_stm32f40_41xxx.o(.text)
    EXTI3_IRQHandler                         0x08000283   Thumb Code     0  startup_stm32f40_41xxx.o(.text)
    EXTI4_IRQHandler                         0x08000283   Thumb Code     0  startup_stm32f40_41xxx.o(.text)
    FLASH_IRQHandler                         0x08000283   Thumb Code     0  startup_stm32f40_41xxx.o(.text)
    FPU_IRQHandler                           0x08000283   Thumb Code     0  startup_stm32f40_41xxx.o(.text)
    FSMC_IRQHandler                          0x08000283   Thumb Code     0  startup_stm32f40_41xxx.o(.text)
    HASH_RNG_IRQHandler                      0x08000283   Thumb Code     0  startup_stm32f40_41xxx.o(.text)
    I2C1_ER_IRQHandler                       0x08000283   Thumb Code     0  startup_stm32f40_41xxx.o(.text)
    I2C1_EV_IRQHandler                       0x08000283   Thumb Code     0  startup_stm32f40_41xxx.o(.text)
    I2C2_ER_IRQHandler                       0x08000283   Thumb Code     0  startup_stm32f40_41xxx.o(.text)
    I2C2_EV_IRQHandler                       0x08000283   Thumb Code     0  startup_stm32f40_41xxx.o(.text)
    I2C3_ER_IRQHandler                       0x08000283   Thumb Code     0  startup_stm32f40_41xxx.o(.text)
    I2C3_EV_IRQHandler                       0x08000283   Thumb Code     0  startup_stm32f40_41xxx.o(.text)
    OTG_FS_IRQHandler                        0x08000283   Thumb Code     0  startup_stm32f40_41xxx.o(.text)
    OTG_FS_WKUP_IRQHandler                   0x08000283   Thumb Code     0  startup_stm32f40_41xxx.o(.text)
    OTG_HS_EP1_IN_IRQHandler                 0x08000283   Thumb Code     0  startup_stm32f40_41xxx.o(.text)
    OTG_HS_EP1_OUT_IRQHandler                0x08000283   Thumb Code     0  startup_stm32f40_41xxx.o(.text)
    OTG_HS_IRQHandler                        0x08000283   Thumb Code     0  startup_stm32f40_41xxx.o(.text)
    OTG_HS_WKUP_IRQHandler                   0x08000283   Thumb Code     0  startup_stm32f40_41xxx.o(.text)
    PVD_IRQHandler                           0x08000283   Thumb Code     0  startup_stm32f40_41xxx.o(.text)
    RCC_IRQHandler                           0x08000283   Thumb Code     0  startup_stm32f40_41xxx.o(.text)
    RTC_Alarm_IRQHandler                     0x08000283   Thumb Code     0  startup_stm32f40_41xxx.o(.text)
    RTC_WKUP_IRQHandler                      0x08000283   Thumb Code     0  startup_stm32f40_41xxx.o(.text)
    SDIO_IRQHandler                          0x08000283   Thumb Code     0  startup_stm32f40_41xxx.o(.text)
    SPI1_IRQHandler                          0x08000283   Thumb Code     0  startup_stm32f40_41xxx.o(.text)
    SPI2_IRQHandler                          0x08000283   Thumb Code     0  startup_stm32f40_41xxx.o(.text)
    SPI3_IRQHandler                          0x08000283   Thumb Code     0  startup_stm32f40_41xxx.o(.text)
    TAMP_STAMP_IRQHandler                    0x08000283   Thumb Code     0  startup_stm32f40_41xxx.o(.text)
    TIM1_BRK_TIM9_IRQHandler                 0x08000283   Thumb Code     0  startup_stm32f40_41xxx.o(.text)
    TIM1_CC_IRQHandler                       0x08000283   Thumb Code     0  startup_stm32f40_41xxx.o(.text)
    TIM1_TRG_COM_TIM11_IRQHandler            0x08000283   Thumb Code     0  startup_stm32f40_41xxx.o(.text)
    TIM1_UP_TIM10_IRQHandler                 0x08000283   Thumb Code     0  startup_stm32f40_41xxx.o(.text)
    TIM2_IRQHandler                          0x08000283   Thumb Code     0  startup_stm32f40_41xxx.o(.text)
    TIM3_IRQHandler                          0x08000283   Thumb Code     0  startup_stm32f40_41xxx.o(.text)
    TIM4_IRQHandler                          0x08000283   Thumb Code     0  startup_stm32f40_41xxx.o(.text)
    TIM5_IRQHandler                          0x08000283   Thumb Code     0  startup_stm32f40_41xxx.o(.text)
    TIM6_DAC_IRQHandler                      0x08000283   Thumb Code     0  startup_stm32f40_41xxx.o(.text)
    TIM7_IRQHandler                          0x08000283   Thumb Code     0  startup_stm32f40_41xxx.o(.text)
    TIM8_BRK_TIM12_IRQHandler                0x08000283   Thumb Code     0  startup_stm32f40_41xxx.o(.text)
    TIM8_CC_IRQHandler                       0x08000283   Thumb Code     0  startup_stm32f40_41xxx.o(.text)
    TIM8_TRG_COM_TIM14_IRQHandler            0x08000283   Thumb Code     0  startup_stm32f40_41xxx.o(.text)
    TIM8_UP_TIM13_IRQHandler                 0x08000283   Thumb Code     0  startup_stm32f40_41xxx.o(.text)
    UART4_IRQHandler                         0x08000283   Thumb Code     0  startup_stm32f40_41xxx.o(.text)
    UART5_IRQHandler                         0x08000283   Thumb Code     0  startup_stm32f40_41xxx.o(.text)
    USART1_IRQHandler                        0x08000283   Thumb Code     0  startup_stm32f40_41xxx.o(.text)
    USART2_IRQHandler                        0x08000283   Thumb Code     0  startup_stm32f40_41xxx.o(.text)
    USART6_IRQHandler                        0x08000283   Thumb Code     0  startup_stm32f40_41xxx.o(.text)
    WWDG_IRQHandler                          0x08000283   Thumb Code     0  startup_stm32f40_41xxx.o(.text)
    __user_initial_stackheap                 0x08000285   Thumb Code     0  startup_stm32f40_41xxx.o(.text)
    __use_no_semihosting                     0x080002a9   Thumb Code     2  use_no_semi_2.o(.text)
    __aeabi_uldivmod                         0x080002ab   Thumb Code     0  lludivv7m.o(.text)
    _ll_udiv                                 0x080002ab   Thumb Code   238  lludivv7m.o(.text)
    __use_two_region_memory                  0x08000399   Thumb Code     2  heapauxi.o(.text)
    __rt_heap_escrow$2region                 0x0800039b   Thumb Code     2  heapauxi.o(.text)
    __rt_heap_expand$2region                 0x0800039d   Thumb Code     2  heapauxi.o(.text)
    __I$use$semihosting                      0x0800039f   Thumb Code     0  use_no_semi.o(.text)
    __use_no_semihosting_swi                 0x0800039f   Thumb Code     2  use_no_semi.o(.text)
    __read_errno                             0x080003a1   Thumb Code    10  _rserrno.o(.text)
    __set_errno                              0x080003ab   Thumb Code    12  _rserrno.o(.text)
    __aeabi_errno_addr                       0x080003b9   Thumb Code     8  rt_errno_addr_intlibspace.o(.text)
    __errno$intlibspace                      0x080003b9   Thumb Code     0  rt_errno_addr_intlibspace.o(.text)
    __rt_errno_addr$intlibspace              0x080003b9   Thumb Code     0  rt_errno_addr_intlibspace.o(.text)
    __user_libspace                          0x080003c1   Thumb Code     8  libspace.o(.text)
    __user_perproc_libspace                  0x080003c1   Thumb Code     0  libspace.o(.text)
    __user_perthread_libspace                0x080003c1   Thumb Code     0  libspace.o(.text)
    __user_setup_stackheap                   0x080003c9   Thumb Code    74  sys_stackheap_outer.o(.text)
    exit                                     0x08000413   Thumb Code    18  exit.o(.text)
    AD9854IOReset                            0x08000425   Thumb Code    26  ad9854.o(i.AD9854IOReset)
    AD9854Init                               0x08000445   Thumb Code    24  ad9854.o(i.AD9854Init)
    AD9854PortInit                           0x08000461   Thumb Code   220  ad9854.o(i.AD9854PortInit)
    AD9854Reset                              0x08000541   Thumb Code    46  ad9854.o(i.AD9854Reset)
    AD9854WriteByte                          0x08000575   Thumb Code    76  ad9854.o(i.AD9854WriteByte)
    AD9854WriteCtR                           0x080005c5   Thumb Code    68  ad9854.o(i.AD9854WriteCtR)
    ADS1118_SPI_port_init                    0x08000611   Thumb Code   156  ads1118_spi.o(i.ADS1118_SPI_port_init)
    ADS1118_cmd_init                         0x080006b5   Thumb Code    28  ads1118_spi.o(i.ADS1118_cmd_init)
    ADS1118_write_and_read                   0x080006d5   Thumb Code   316  ads1118_spi.o(i.ADS1118_write_and_read)
    AmpFreq                                  0x08000819   Thumb Code   402  guitask.o(i.AmpFreq)
    Axis                                     0x080009cd   Thumb Code    30  lcd.o(i.Axis)
    BusFault_Handler                         0x080009eb   Thumb Code     4  stm32f4xx_it.o(i.BusFault_Handler)
    COL_IN_PULL_UP                           0x080009f1   Thumb Code    98  keyboard.o(i.COL_IN_PULL_UP)
    COL_OUT_L                                0x08000a5d   Thumb Code   146  keyboard.o(i.COL_OUT_L)
    CartesianCoordinate                      0x08000af9   Thumb Code   896  lcd.o(i.CartesianCoordinate)
    Char_2_Double                            0x08000e79   Thumb Code   162  keyboard.o(i.Char_2_Double)
    DebugMon_Handler                         0x08000f25   Thumb Code     2  stm32f4xx_it.o(i.DebugMon_Handler)
    EXTI9_5_IRQHandler                       0x08000f29   Thumb Code    40  keyboard.o(i.EXTI9_5_IRQHandler)
    EXTI_ClearITPendingBit                   0x08000f55   Thumb Code     6  stm32f4xx_exti.o(i.EXTI_ClearITPendingBit)
    EXTI_GetITStatus                         0x08000f61   Thumb Code    20  stm32f4xx_exti.o(i.EXTI_GetITStatus)
    FPGASPIPortInit                          0x08000f79   Thumb Code   202  fpgaspi.o(i.FPGASPIPortInit)
    FSMC_NORSRAMCmd                          0x08001051   Thumb Code    46  stm32f4xx_fsmc.o(i.FSMC_NORSRAMCmd)
    FSMC_NORSRAMInit                         0x08001085   Thumb Code   230  stm32f4xx_fsmc.o(i.FSMC_NORSRAMInit)
    GPIO_Init                                0x0800116b   Thumb Code   144  stm32f4xx_gpio.o(i.GPIO_Init)
    GPIO_PinAFConfig                         0x080011fb   Thumb Code    70  stm32f4xx_gpio.o(i.GPIO_PinAFConfig)
    GPIO_ReadInputDataBit                    0x08001241   Thumb Code    18  stm32f4xx_gpio.o(i.GPIO_ReadInputDataBit)
    GPIO_ResetBits                           0x08001253   Thumb Code     4  stm32f4xx_gpio.o(i.GPIO_ResetBits)
    GPIO_SetBits                             0x08001257   Thumb Code     4  stm32f4xx_gpio.o(i.GPIO_SetBits)
    Grid                                     0x0800125d   Thumb Code   788  lcd.o(i.Grid)
    HardFault_Handler                        0x08001585   Thumb Code     4  stm32f4xx_it.o(i.HardFault_Handler)
    INoiseTest                               0x08001589   Thumb Code    14  guitask.o(i.INoiseTest)
    Key0_9Process                            0x08001597   Thumb Code     2  guitask.o(i.Key0_9Process)
    KeyBackwardProcess                       0x08001599   Thumb Code    74  guitask.o(i.KeyBackwardProcess)
    KeyDownProcess                           0x080015e9   Thumb Code   240  guitask.o(i.KeyDownProcess)
    KeyMessageGUIProcess                     0x080016dd   Thumb Code  2450  guitask.o(i.KeyMessageGUIProcess)
    KeyOKProcess                             0x0800207d   Thumb Code   166  guitask.o(i.KeyOKProcess)
    KeyProcess                               0x0800212d   Thumb Code   102  guitask.o(i.KeyProcess)
    KeyUpProcess                             0x080021a1   Thumb Code   260  guitask.o(i.KeyUpProcess)
    LCD_BGR2RGB                              0x080022a9   Thumb Code    26  lcd.o(i.LCD_BGR2RGB)
    LCD_Clear                                0x080022c5   Thumb Code   104  lcd.o(i.LCD_Clear)
    LCD_Display_Dir                          0x08002339   Thumb Code   444  lcd.o(i.LCD_Display_Dir)
    LCD_DrawArrow                            0x080024f9   Thumb Code   212  lcd.o(i.LCD_DrawArrow)
    LCD_DrawCartesianCoordinate              0x080025cd   Thumb Code   188  lcd.o(i.LCD_DrawCartesianCoordinate)
    LCD_DrawLine                             0x08002689   Thumb Code   180  lcd.o(i.LCD_DrawLine)
    LCD_DrawRectangle                        0x08002741   Thumb Code    60  lcd.o(i.LCD_DrawRectangle)
    LCD_Fast_DrawPoint                       0x0800277d   Thumb Code   374  lcd.o(i.LCD_Fast_DrawPoint)
    LCD_Fill                                 0x080028fd   Thumb Code   180  lcd.o(i.LCD_Fill)
    LCD_Pow                                  0x080029b5   Thumb Code    22  lcd.o(i.LCD_Pow)
    LCD_RD_DATA                              0x080029cd   Thumb Code    14  lcd.o(i.LCD_RD_DATA)
    LCD_ReadPoint                            0x080029e1   Thumb Code   360  lcd.o(i.LCD_ReadPoint)
    LCD_ReadReg                              0x08002b4d   Thumb Code    22  lcd.o(i.LCD_ReadReg)
    LCD_SSD_BackLightSet                     0x08002b65   Thumb Code    88  lcd.o(i.LCD_SSD_BackLightSet)
    LCD_Scan_Dir                             0x08002bc5   Thumb Code   744  lcd.o(i.LCD_Scan_Dir)
    LCD_SetCursor                            0x08002eb1   Thumb Code   418  lcd.o(i.LCD_SetCursor)
    LCD_Set_Window                           0x08003059   Thumb Code   528  lcd.o(i.LCD_Set_Window)
    LCD_ShowChar                             0x0800326d   Thumb Code   292  lcd.o(i.LCD_ShowChar)
    LCD_ShowFloat                            0x080033ad   Thumb Code   588  lcd.o(i.LCD_ShowFloat)
    LCD_ShowNum                              0x08003609   Thumb Code   148  lcd.o(i.LCD_ShowNum)
    LCD_ShowString                           0x0800369d   Thumb Code   104  lcd.o(i.LCD_ShowString)
    LCD_WR_DATA                              0x08003705   Thumb Code    18  lcd.o(i.LCD_WR_DATA)
    LCD_WR_REG                               0x0800371d   Thumb Code    18  lcd.o(i.LCD_WR_REG)
    LCD_WriteRAM_Prepare                     0x08003735   Thumb Code    10  lcd.o(i.LCD_WriteRAM_Prepare)
    LCD_WriteReg                             0x08003749   Thumb Code    14  lcd.o(i.LCD_WriteReg)
    Legend                                   0x0800375d   Thumb Code   120  lcd.o(i.Legend)
    MemManage_Handler                        0x080037d5   Thumb Code     4  stm32f4xx_it.o(i.MemManage_Handler)
    NMI_Handler                              0x080037d9   Thumb Code     2  stm32f4xx_it.o(i.NMI_Handler)
    NVIC_Init                                0x080037dd   Thumb Code   106  misc.o(i.NVIC_Init)
    NVIC_PriorityGroupConfig                 0x08003855   Thumb Code    10  misc.o(i.NVIC_PriorityGroupConfig)
    PendSV_Handler                           0x08003869   Thumb Code     2  stm32f4xx_it.o(i.PendSV_Handler)
    PhaseFreq                                0x0800386d   Thumb Code   228  guitask.o(i.PhaseFreq)
    Plot                                     0x08003961   Thumb Code   618  lcd.o(i.Plot)
    Plotyy                                   0x08003bcb   Thumb Code   874  lcd.o(i.Plotyy)
    Polar                                    0x08003f35   Thumb Code     2  lcd.o(i.Polar)
    RCC_AHB1PeriphClockCmd                   0x08003f39   Thumb Code    26  stm32f4xx_rcc.o(i.RCC_AHB1PeriphClockCmd)
    RCC_AHB3PeriphClockCmd                   0x08003f59   Thumb Code    26  stm32f4xx_rcc.o(i.RCC_AHB3PeriphClockCmd)
    RCC_APB1PeriphClockCmd                   0x08003f79   Thumb Code    26  stm32f4xx_rcc.o(i.RCC_APB1PeriphClockCmd)
    RCC_GetClocksFreq                        0x08003f99   Thumb Code   214  stm32f4xx_rcc.o(i.RCC_GetClocksFreq)
    ROW_H_COL_L                              0x08004081   Thumb Code    12  keyboard.o(i.ROW_H_COL_L)
    ROW_IN_PULL_UP                           0x0800408d   Thumb Code    98  keyboard.o(i.ROW_IN_PULL_UP)
    ROW_L_COL_H                              0x080040f5   Thumb Code    12  keyboard.o(i.ROW_L_COL_H)
    ROW_OUT_L                                0x08004101   Thumb Code   140  keyboard.o(i.ROW_OUT_L)
    ReadKeyBoard                             0x08004191   Thumb Code   398  keyboard.o(i.ReadKeyBoard)
    SVC_Handler                              0x08004329   Thumb Code     2  stm32f4xx_it.o(i.SVC_Handler)
    SemilogY                                 0x0800432b   Thumb Code     2  lcd.o(i.SemilogY)
    Stack_Pop                                0x08004419   Thumb Code    50  guitask.o(i.Stack_Pop)
    Stack_Push                               0x0800444b   Thumb Code    38  guitask.o(i.Stack_Push)
    SysTick_CLKSourceConfig                  0x08004471   Thumb Code    40  misc.o(i.SysTick_CLKSourceConfig)
    SysTick_Handler                          0x08004499   Thumb Code     2  stm32f4xx_it.o(i.SysTick_Handler)
    SystemInit                               0x0800449d   Thumb Code    88  system_stm32f4xx.o(i.SystemInit)
    TFTLCD_Init                              0x08004505   Thumb Code 14706  lcd.o(i.TFTLCD_Init)
    TestCol                                  0x08007e81   Thumb Code    80  keyboard.o(i.TestCol)
    TestRow                                  0x08007edd   Thumb Code    74  keyboard.o(i.TestRow)
    USART3_IRQHandler                        0x08007f31   Thumb Code    96  usart.o(i.USART3_IRQHandler)
    USART_ClearFlag                          0x08007f9d   Thumb Code    18  stm32f4xx_usart.o(i.USART_ClearFlag)
    USART_ClearITPendingBit                  0x08007faf   Thumb Code    30  stm32f4xx_usart.o(i.USART_ClearITPendingBit)
    USART_Cmd                                0x08007fcd   Thumb Code    24  stm32f4xx_usart.o(i.USART_Cmd)
    USART_GetITStatus                        0x08007fe5   Thumb Code    84  stm32f4xx_usart.o(i.USART_GetITStatus)
    USART_ITConfig                           0x08008039   Thumb Code    74  stm32f4xx_usart.o(i.USART_ITConfig)
    USART_Init                               0x08008085   Thumb Code   204  stm32f4xx_usart.o(i.USART_Init)
    USART_ReceiveData                        0x08008159   Thumb Code    10  stm32f4xx_usart.o(i.USART_ReceiveData)
    UsageFault_Handler                       0x08008163   Thumb Code     4  stm32f4xx_it.o(i.UsageFault_Handler)
    XCursor                                  0x08008167   Thumb Code     2  lcd.o(i.XCursor)
    XLinspace                                0x08008169   Thumb Code   120  lcd.o(i.XLinspace)
    Y2Linspace                               0x080081e9   Thumb Code   120  lcd.o(i.Y2Linspace)
    YCursor                                  0x08008269   Thumb Code    40  lcd.o(i.YCursor)
    YLinspace                                0x08008291   Thumb Code   120  lcd.o(i.YLinspace)
    __ARM_fpclassify                         0x08008311   Thumb Code    48  fpclassify.o(i.__ARM_fpclassify)
    __hardfp_atan                            0x08008341   Thumb Code   622  atan.o(i.__hardfp_atan)
    __hardfp_log                             0x08008619   Thumb Code   872  log.o(i.__hardfp_log)
    __hardfp_log10                           0x080089e1   Thumb Code   260  log10.o(i.__hardfp_log10)
    __hardfp_sqrt                            0x08008b11   Thumb Code   122  sqrt.o(i.__hardfp_sqrt)
    __kernel_poly                            0x08008b8b   Thumb Code   248  poly.o(i.__kernel_poly)
    __mathlib_dbl_divzero                    0x08008c89   Thumb Code    28  dunder.o(i.__mathlib_dbl_divzero)
    __mathlib_dbl_infnan                     0x08008cb9   Thumb Code    20  dunder.o(i.__mathlib_dbl_infnan)
    __mathlib_dbl_invalid                    0x08008cd1   Thumb Code    24  dunder.o(i.__mathlib_dbl_invalid)
    __mathlib_dbl_underflow                  0x08008cf1   Thumb Code    24  dunder.o(i.__mathlib_dbl_underflow)
    _sys_exit                                0x08008d11   Thumb Code     2  usart.o(i._sys_exit)
    delay_init                               0x08008d15   Thumb Code    52  delay.o(i.delay_init)
    delay_ms                                 0x08008d51   Thumb Code    56  delay.o(i.delay_ms)
    delay_us                                 0x08008d89   Thumb Code    72  delay.o(i.delay_us)
    delay_xms                                0x08008dd5   Thumb Code    72  delay.o(i.delay_xms)
    fabs                                     0x08008e21   Thumb Code    24  fabs.o(i.fabs)
    input_double_s                           0x08008e39   Thumb Code   364  keyboard.o(i.input_double_s)
    log                                      0x08008fd1   Thumb Code    16  log.o(i.log)
    main                                     0x08008fe1   Thumb Code   158  main.o(i.main)
    opt_delay                                0x080090b5   Thumb Code    14  lcd.o(i.opt_delay)
    preTest                                  0x080090c3   Thumb Code    84  guitask.o(i.preTest)
    reset_init                               0x08009119   Thumb Code    48  lcd.o(i.reset_init)
    usart3_init                              0x0800914d   Thumb Code   170  usart.o(i.usart3_init)
    __aeabi_dneg                             0x08009201   Thumb Code     0  basic.o(x$fpl$basic)
    _dneg                                    0x08009201   Thumb Code     6  basic.o(x$fpl$basic)
    __aeabi_fneg                             0x08009207   Thumb Code     0  basic.o(x$fpl$basic)
    _fneg                                    0x08009207   Thumb Code     6  basic.o(x$fpl$basic)
    _dabs                                    0x0800920d   Thumb Code     6  basic.o(x$fpl$basic)
    _fabs                                    0x08009213   Thumb Code     6  basic.o(x$fpl$basic)
    __aeabi_dadd                             0x08009219   Thumb Code     0  daddsub_clz.o(x$fpl$dadd)
    _dadd                                    0x08009219   Thumb Code   332  daddsub_clz.o(x$fpl$dadd)
    __fpl_dcmp_Inf                           0x08009369   Thumb Code    24  dcmpi.o(x$fpl$dcmpinf)
    __aeabi_ddiv                             0x08009381   Thumb Code     0  ddiv.o(x$fpl$ddiv)
    _ddiv                                    0x08009381   Thumb Code   552  ddiv.o(x$fpl$ddiv)
    __aeabi_cdcmpeq                          0x08009631   Thumb Code     0  deqf.o(x$fpl$deqf)
    _dcmpeq                                  0x08009631   Thumb Code   120  deqf.o(x$fpl$deqf)
    __aeabi_d2uiz                            0x080096a9   Thumb Code     0  dfixu.o(x$fpl$dfixu)
    _dfixu                                   0x080096a9   Thumb Code    90  dfixu.o(x$fpl$dfixu)
    __aeabi_i2d                              0x08009703   Thumb Code     0  dflt_clz.o(x$fpl$dflt)
    _dflt                                    0x08009703   Thumb Code    46  dflt_clz.o(x$fpl$dflt)
    __aeabi_l2d                              0x08009731   Thumb Code     0  dfltll_clz.o(x$fpl$dfltll)
    _ll_sto_d                                0x08009731   Thumb Code   162  dfltll_clz.o(x$fpl$dfltll)
    __aeabi_ui2d                             0x080097d3   Thumb Code     0  dflt_clz.o(x$fpl$dfltu)
    _dfltu                                   0x080097d3   Thumb Code    38  dflt_clz.o(x$fpl$dfltu)
    __aeabi_ul2d                             0x080097f9   Thumb Code     0  dfltll_clz.o(x$fpl$dfltull)
    _ll_uto_d                                0x080097f9   Thumb Code   138  dfltll_clz.o(x$fpl$dfltull)
    __aeabi_cdcmple                          0x08009885   Thumb Code     0  dleqf.o(x$fpl$dleqf)
    _dcmple                                  0x08009885   Thumb Code   120  dleqf.o(x$fpl$dleqf)
    __fpl_dcmple_InfNaN                      0x080098e7   Thumb Code     0  dleqf.o(x$fpl$dleqf)
    __aeabi_dmul                             0x080098fd   Thumb Code     0  dmul.o(x$fpl$dmul)
    _dmul                                    0x080098fd   Thumb Code   332  dmul.o(x$fpl$dmul)
    __fpl_dnaninf                            0x08009a51   Thumb Code   156  dnaninf.o(x$fpl$dnaninf)
    __fpl_dretinf                            0x08009aed   Thumb Code    12  dretinf.o(x$fpl$dretinf)
    __aeabi_cdrcmple                         0x08009af9   Thumb Code     0  drleqf.o(x$fpl$drleqf)
    _drcmple                                 0x08009af9   Thumb Code   108  drleqf.o(x$fpl$drleqf)
    __aeabi_drsub                            0x08009b65   Thumb Code     0  daddsub_clz.o(x$fpl$drsb)
    _drsb                                    0x08009b65   Thumb Code    22  daddsub_clz.o(x$fpl$drsb)
    _dsqrt                                   0x08009b7d   Thumb Code   404  dsqrt_umaal.o(x$fpl$dsqrt)
    __aeabi_dsub                             0x08009d15   Thumb Code     0  daddsub_clz.o(x$fpl$dsub)
    _dsub                                    0x08009d15   Thumb Code   464  daddsub_clz.o(x$fpl$dsub)
    __aeabi_f2d                              0x08009ee9   Thumb Code     0  f2d.o(x$fpl$f2d)
    _f2d                                     0x08009ee9   Thumb Code    86  f2d.o(x$fpl$f2d)
    __fpl_fnaninf                            0x08009f3f   Thumb Code   140  fnaninf.o(x$fpl$fnaninf)
    _fp_init                                 0x08009fcb   Thumb Code    10  fpinit.o(x$fpl$fpinit)
    __fplib_config_fpu_vfp                   0x08009fd3   Thumb Code     0  fpinit.o(x$fpl$fpinit)
    __fplib_config_pureend_doubles           0x08009fd3   Thumb Code     0  fpinit.o(x$fpl$fpinit)
    __aeabi_d2ulz                            0x08009fd5   Thumb Code     0  dfixull.o(x$fpl$llufromd)
    _ll_ufrom_d                              0x08009fd5   Thumb Code   120  dfixull.o(x$fpl$llufromd)
    __I$use$fp                               0x0800a04c   Number         0  usenofp.o(x$fpl$usenofp)
    array_CHAR                               0x0800a04c   Data          16  keyboard.o(.constdata)
    asc2_1206                                0x0800a05c   Data        1140  lcd.o(.constdata)
    asc2_1608                                0x0800a4d0   Data        1520  lcd.o(.constdata)
    asc2_2412                                0x0800aac0   Data        3420  lcd.o(.constdata)
    asc2_4824                                0x0800b81c   Data       13680  lcd.o(.constdata)
    __mathlib_zero                           0x0800ee60   Data           8  qnan.o(.constdata)
    Region$$Table$$Base                      0x0800ee88   Number         0  anon$$obj.o(Region$$Table)
    Region$$Table$$Limit                     0x0800eea8   Number         0  anon$$obj.o(Region$$Table)
    Coordinates                              0x20000040   Data        2736  main.o(.data)
    Enter_flag                               0x20000af0   Data           4  keyboard.o(.data)
    KBCode                                   0x20000af4   Data           8  keyboard.o(.data)
    KeyValue                                 0x20000afc   Data           1  keyboard.o(.data)
    KeyChange_Flag                           0x20000afd   Data           1  keyboard.o(.data)
    cmd_receiver                             0x20000b10   Data           2  ads1118_spi.o(.data)
    FreqSingle                               0x20000b4b   Data           6  ad9854.o(.data)
    POINT_COLOR                              0x20000b52   Data           2  lcd.o(.data)
    BACK_COLOR                               0x20000b54   Data           2  lcd.o(.data)
    USART3_RX_STA                            0x20000b5c   Data           2  usart.o(.data)
    __stdout                                 0x20000b60   Data           4  usart.o(.data)
    HandleStack                              0x20000bb4   Data          16  guitask.o(.data)
    CoordinateState                          0x20000bc4   Data           1  guitask.o(.data)
    FrequencyTester                          0x20000bc8   Data          48  guitask.o(.data)
    FrequencyResponse                        0x20000bf8   Data       17656  guitask.o(.data)
    ADS1118                                  0x20005128   Data          40  ads1118_spi.o(.bss)
    lcddev                                   0x20005150   Data          14  lcd.o(.bss)
    USART3_RX_BUF                            0x2000515e   Data         200  usart.o(.bss)
    elem                                     0x20005226   Data          20  guitask.o(.bss)
    __libspace_start                         0x2000523c   Data          96  libspace.o(.bss)
    __temporary_stack_top$libspace           0x2000529c   Data           0  libspace.o(.bss)



==============================================================================

Memory Map of the image

  Image Entry point : 0x08000189

  Load Region LR_IROM1 (Base: 0x08000000, Size: 0x00013f98, Max: 0x00100000, ABSOLUTE, COMPRESSED[0x0000f058])

    Execution Region ER_IROM1 (Base: 0x08000000, Size: 0x0000eea8, Max: 0x00100000, ABSOLUTE)

    Base Addr    Size         Type   Attr      Idx    E Section Name        Object

    0x08000000   0x00000188   Data   RO         1749    RESET               startup_stm32f40_41xxx.o
    0x08000188   0x00000008   Code   RO         3740  * !!!main             c_w.l(__main.o)
    0x08000190   0x00000034   Code   RO         4054    !!!scatter          c_w.l(__scatter.o)
    0x080001c4   0x0000005a   Code   RO         4052    !!dczerorl2         c_w.l(__dczerorl2.o)
    0x0800021e   0x00000002   PAD
    0x08000220   0x0000001c   Code   RO         4056    !!handler_zi        c_w.l(__scatter_zi.o)
    0x0800023c   0x00000002   Code   RO         3929    .ARM.Collect$$libinit$$00000000  c_w.l(libinit.o)
    0x0800023e   0x00000004   Code   RO         3938    .ARM.Collect$$libinit$$00000001  c_w.l(libinit2.o)
    0x08000242   0x00000000   Code   RO         3941    .ARM.Collect$$libinit$$00000004  c_w.l(libinit2.o)
    0x08000242   0x00000000   Code   RO         3944    .ARM.Collect$$libinit$$0000000A  c_w.l(libinit2.o)
    0x08000242   0x00000000   Code   RO         3946    .ARM.Collect$$libinit$$0000000C  c_w.l(libinit2.o)
    0x08000242   0x00000000   Code   RO         3948    .ARM.Collect$$libinit$$0000000E  c_w.l(libinit2.o)
    0x08000242   0x00000000   Code   RO         3951    .ARM.Collect$$libinit$$00000011  c_w.l(libinit2.o)
    0x08000242   0x00000000   Code   RO         3953    .ARM.Collect$$libinit$$00000013  c_w.l(libinit2.o)
    0x08000242   0x00000000   Code   RO         3955    .ARM.Collect$$libinit$$00000015  c_w.l(libinit2.o)
    0x08000242   0x00000000   Code   RO         3957    .ARM.Collect$$libinit$$00000017  c_w.l(libinit2.o)
    0x08000242   0x00000000   Code   RO         3959    .ARM.Collect$$libinit$$00000019  c_w.l(libinit2.o)
    0x08000242   0x00000000   Code   RO         3961    .ARM.Collect$$libinit$$0000001B  c_w.l(libinit2.o)
    0x08000242   0x00000000   Code   RO         3963    .ARM.Collect$$libinit$$0000001D  c_w.l(libinit2.o)
    0x08000242   0x00000000   Code   RO         3965    .ARM.Collect$$libinit$$0000001F  c_w.l(libinit2.o)
    0x08000242   0x00000000   Code   RO         3967    .ARM.Collect$$libinit$$00000021  c_w.l(libinit2.o)
    0x08000242   0x00000000   Code   RO         3969    .ARM.Collect$$libinit$$00000023  c_w.l(libinit2.o)
    0x08000242   0x00000000   Code   RO         3971    .ARM.Collect$$libinit$$00000025  c_w.l(libinit2.o)
    0x08000242   0x00000000   Code   RO         3975    .ARM.Collect$$libinit$$0000002C  c_w.l(libinit2.o)
    0x08000242   0x00000000   Code   RO         3977    .ARM.Collect$$libinit$$0000002E  c_w.l(libinit2.o)
    0x08000242   0x00000000   Code   RO         3979    .ARM.Collect$$libinit$$00000030  c_w.l(libinit2.o)
    0x08000242   0x00000000   Code   RO         3981    .ARM.Collect$$libinit$$00000032  c_w.l(libinit2.o)
    0x08000242   0x00000002   Code   RO         3982    .ARM.Collect$$libinit$$00000033  c_w.l(libinit2.o)
    0x08000244   0x00000002   Code   RO         4008    .ARM.Collect$$libshutdown$$00000000  c_w.l(libshutdown.o)
    0x08000246   0x00000000   Code   RO         4035    .ARM.Collect$$libshutdown$$00000002  c_w.l(libshutdown2.o)
    0x08000246   0x00000000   Code   RO         4037    .ARM.Collect$$libshutdown$$00000004  c_w.l(libshutdown2.o)
    0x08000246   0x00000000   Code   RO         4040    .ARM.Collect$$libshutdown$$00000007  c_w.l(libshutdown2.o)
    0x08000246   0x00000000   Code   RO         4043    .ARM.Collect$$libshutdown$$0000000A  c_w.l(libshutdown2.o)
    0x08000246   0x00000000   Code   RO         4045    .ARM.Collect$$libshutdown$$0000000C  c_w.l(libshutdown2.o)
    0x08000246   0x00000000   Code   RO         4048    .ARM.Collect$$libshutdown$$0000000F  c_w.l(libshutdown2.o)
    0x08000246   0x00000002   Code   RO         4049    .ARM.Collect$$libshutdown$$00000010  c_w.l(libshutdown2.o)
    0x08000248   0x00000000   Code   RO         3830    .ARM.Collect$$rtentry$$00000000  c_w.l(__rtentry.o)
    0x08000248   0x00000000   Code   RO         3889    .ARM.Collect$$rtentry$$00000002  c_w.l(__rtentry2.o)
    0x08000248   0x00000006   Code   RO         3901    .ARM.Collect$$rtentry$$00000004  c_w.l(__rtentry4.o)
    0x0800024e   0x00000000   Code   RO         3891    .ARM.Collect$$rtentry$$00000009  c_w.l(__rtentry2.o)
    0x0800024e   0x00000004   Code   RO         3892    .ARM.Collect$$rtentry$$0000000A  c_w.l(__rtentry2.o)
    0x08000252   0x00000000   Code   RO         3894    .ARM.Collect$$rtentry$$0000000C  c_w.l(__rtentry2.o)
    0x08000252   0x00000008   Code   RO         3895    .ARM.Collect$$rtentry$$0000000D  c_w.l(__rtentry2.o)
    0x0800025a   0x00000002   Code   RO         3930    .ARM.Collect$$rtexit$$00000000  c_w.l(rtexit.o)
    0x0800025c   0x00000000   Code   RO         3984    .ARM.Collect$$rtexit$$00000002  c_w.l(rtexit2.o)
    0x0800025c   0x00000004   Code   RO         3985    .ARM.Collect$$rtexit$$00000003  c_w.l(rtexit2.o)
    0x08000260   0x00000006   Code   RO         3986    .ARM.Collect$$rtexit$$00000004  c_w.l(rtexit2.o)
    0x08000266   0x00000002   PAD
    0x08000268   0x00000040   Code   RO         1750    .text               startup_stm32f40_41xxx.o
    0x080002a8   0x00000002   Code   RO         3730    .text               c_w.l(use_no_semi_2.o)
    0x080002aa   0x000000ee   Code   RO         3732    .text               c_w.l(lludivv7m.o)
    0x08000398   0x00000006   Code   RO         3738    .text               c_w.l(heapauxi.o)
    0x0800039e   0x00000002   Code   RO         3828    .text               c_w.l(use_no_semi.o)
    0x080003a0   0x00000016   Code   RO         3835    .text               c_w.l(_rserrno.o)
    0x080003b6   0x00000002   PAD
    0x080003b8   0x00000008   Code   RO         3908    .text               c_w.l(rt_errno_addr_intlibspace.o)
    0x080003c0   0x00000008   Code   RO         3913    .text               c_w.l(libspace.o)
    0x080003c8   0x0000004a   Code   RO         3916    .text               c_w.l(sys_stackheap_outer.o)
    0x08000412   0x00000012   Code   RO         3918    .text               c_w.l(exit.o)
    0x08000424   0x00000020   Code   RO         1050    i.AD9854IOReset     ad9854.o
    0x08000444   0x0000001c   Code   RO         1051    i.AD9854Init        ad9854.o
    0x08000460   0x000000e0   Code   RO         1052    i.AD9854PortInit    ad9854.o
    0x08000540   0x00000034   Code   RO         1057    i.AD9854Reset       ad9854.o
    0x08000574   0x00000050   Code   RO         1058    i.AD9854WriteByte   ad9854.o
    0x080005c4   0x0000004c   Code   RO         1059    i.AD9854WriteCtR    ad9854.o
    0x08000610   0x000000a4   Code   RO          999    i.ADS1118_SPI_port_init  ads1118_spi.o
    0x080006b4   0x00000020   Code   RO         1000    i.ADS1118_cmd_init  ads1118_spi.o
    0x080006d4   0x00000144   Code   RO         1001    i.ADS1118_write_and_read  ads1118_spi.o
    0x08000818   0x000001b4   Code   RO         3601    i.AmpFreq           guitask.o
    0x080009cc   0x0000001e   Code   RO         1194    i.Axis              lcd.o
    0x080009ea   0x00000004   Code   RO          190    i.BusFault_Handler  stm32f4xx_it.o
    0x080009ee   0x00000002   PAD
    0x080009f0   0x0000006c   Code   RO          862    i.COL_IN_PULL_UP    keyboard.o
    0x08000a5c   0x0000009c   Code   RO          863    i.COL_OUT_L         keyboard.o
    0x08000af8   0x00000380   Code   RO         1195    i.CartesianCoordinate  lcd.o
    0x08000e78   0x000000ac   Code   RO          864    i.Char_2_Double     keyboard.o
    0x08000f24   0x00000002   Code   RO          191    i.DebugMon_Handler  stm32f4xx_it.o
    0x08000f26   0x00000002   PAD
    0x08000f28   0x0000002c   Code   RO          866    i.EXTI9_5_IRQHandler  keyboard.o
    0x08000f54   0x0000000c   Code   RO         3540    i.EXTI_ClearITPendingBit  stm32f4xx_exti.o
    0x08000f60   0x00000018   Code   RO         3544    i.EXTI_GetITStatus  stm32f4xx_exti.o
    0x08000f78   0x000000d8   Code   RO          555    i.FPGASPIPortInit   fpgaspi.o
    0x08001050   0x00000034   Code   RO         3419    i.FSMC_NORSRAMCmd   stm32f4xx_fsmc.o
    0x08001084   0x000000e6   Code   RO         3421    i.FSMC_NORSRAMInit  stm32f4xx_fsmc.o
    0x0800116a   0x00000090   Code   RO         1801    i.GPIO_Init         stm32f4xx_gpio.o
    0x080011fa   0x00000046   Code   RO         1802    i.GPIO_PinAFConfig  stm32f4xx_gpio.o
    0x08001240   0x00000012   Code   RO         1805    i.GPIO_ReadInputDataBit  stm32f4xx_gpio.o
    0x08001252   0x00000004   Code   RO         1808    i.GPIO_ResetBits    stm32f4xx_gpio.o
    0x08001256   0x00000004   Code   RO         1809    i.GPIO_SetBits      stm32f4xx_gpio.o
    0x0800125a   0x00000002   PAD
    0x0800125c   0x00000328   Code   RO         1196    i.Grid              lcd.o
    0x08001584   0x00000004   Code   RO          192    i.HardFault_Handler  stm32f4xx_it.o
    0x08001588   0x0000000e   Code   RO         3603    i.INoiseTest        guitask.o
    0x08001596   0x00000002   Code   RO         3605    i.Key0_9Process     guitask.o
    0x08001598   0x00000050   Code   RO         3606    i.KeyBackwardProcess  guitask.o
    0x080015e8   0x000000f4   Code   RO         3607    i.KeyDownProcess    guitask.o
    0x080016dc   0x000009a0   Code   RO         3609    i.KeyMessageGUIProcess  guitask.o
    0x0800207c   0x000000b0   Code   RO         3610    i.KeyOKProcess      guitask.o
    0x0800212c   0x00000074   Code   RO         3611    i.KeyProcess        guitask.o
    0x080021a0   0x00000108   Code   RO         3612    i.KeyUpProcess      guitask.o
    0x080022a8   0x0000001a   Code   RO         1197    i.LCD_BGR2RGB       lcd.o
    0x080022c2   0x00000002   PAD
    0x080022c4   0x00000074   Code   RO         1198    i.LCD_Clear         lcd.o
    0x08002338   0x000001c0   Code   RO         1202    i.LCD_Display_Dir   lcd.o
    0x080024f8   0x000000d4   Code   RO         1203    i.LCD_DrawArrow     lcd.o
    0x080025cc   0x000000bc   Code   RO         1204    i.LCD_DrawCartesianCoordinate  lcd.o
    0x08002688   0x000000b8   Code   RO         1205    i.LCD_DrawLine      lcd.o
    0x08002740   0x0000003c   Code   RO         1207    i.LCD_DrawRectangle  lcd.o
    0x0800277c   0x00000180   Code   RO         1209    i.LCD_Fast_DrawPoint  lcd.o
    0x080028fc   0x000000b8   Code   RO         1210    i.LCD_Fill          lcd.o
    0x080029b4   0x00000016   Code   RO         1211    i.LCD_Pow           lcd.o
    0x080029ca   0x00000002   PAD
    0x080029cc   0x00000014   Code   RO         1212    i.LCD_RD_DATA       lcd.o
    0x080029e0   0x0000016c   Code   RO         1213    i.LCD_ReadPoint     lcd.o
    0x08002b4c   0x00000016   Code   RO         1214    i.LCD_ReadReg       lcd.o
    0x08002b62   0x00000002   PAD
    0x08002b64   0x00000060   Code   RO         1215    i.LCD_SSD_BackLightSet  lcd.o
    0x08002bc4   0x000002ec   Code   RO         1216    i.LCD_Scan_Dir      lcd.o
    0x08002eb0   0x000001a8   Code   RO         1217    i.LCD_SetCursor     lcd.o
    0x08003058   0x00000214   Code   RO         1218    i.LCD_Set_Window    lcd.o
    0x0800326c   0x00000140   Code   RO         1219    i.LCD_ShowChar      lcd.o
    0x080033ac   0x0000025c   Code   RO         1220    i.LCD_ShowFloat     lcd.o
    0x08003608   0x00000094   Code   RO         1221    i.LCD_ShowNum       lcd.o
    0x0800369c   0x00000068   Code   RO         1222    i.LCD_ShowString    lcd.o
    0x08003704   0x00000018   Code   RO         1224    i.LCD_WR_DATA       lcd.o
    0x0800371c   0x00000018   Code   RO         1225    i.LCD_WR_REG        lcd.o
    0x08003734   0x00000014   Code   RO         1227    i.LCD_WriteRAM_Prepare  lcd.o
    0x08003748   0x00000014   Code   RO         1228    i.LCD_WriteReg      lcd.o
    0x0800375c   0x00000078   Code   RO         1229    i.Legend            lcd.o
    0x080037d4   0x00000004   Code   RO          193    i.MemManage_Handler  stm32f4xx_it.o
    0x080037d8   0x00000002   Code   RO          194    i.NMI_Handler       stm32f4xx_it.o
    0x080037da   0x00000002   PAD
    0x080037dc   0x00000078   Code   RO         1756    i.NVIC_Init         misc.o
    0x08003854   0x00000014   Code   RO         1757    i.NVIC_PriorityGroupConfig  misc.o
    0x08003868   0x00000002   Code   RO          195    i.PendSV_Handler    stm32f4xx_it.o
    0x0800386a   0x00000002   PAD
    0x0800386c   0x000000f4   Code   RO         3613    i.PhaseFreq         guitask.o
    0x08003960   0x0000026a   Code   RO         1230    i.Plot              lcd.o
    0x08003bca   0x0000036a   Code   RO         1231    i.Plotyy            lcd.o
    0x08003f34   0x00000002   Code   RO         1232    i.Polar             lcd.o
    0x08003f36   0x00000002   PAD
    0x08003f38   0x00000020   Code   RO         1898    i.RCC_AHB1PeriphClockCmd  stm32f4xx_rcc.o
    0x08003f58   0x00000020   Code   RO         1904    i.RCC_AHB3PeriphClockCmd  stm32f4xx_rcc.o
    0x08003f78   0x00000020   Code   RO         1907    i.RCC_APB1PeriphClockCmd  stm32f4xx_rcc.o
    0x08003f98   0x000000e8   Code   RO         1919    i.RCC_GetClocksFreq  stm32f4xx_rcc.o
    0x08004080   0x0000000c   Code   RO          870    i.ROW_H_COL_L       keyboard.o
    0x0800408c   0x00000068   Code   RO          871    i.ROW_IN_PULL_UP    keyboard.o
    0x080040f4   0x0000000c   Code   RO          872    i.ROW_L_COL_H       keyboard.o
    0x08004100   0x00000090   Code   RO          873    i.ROW_OUT_L         keyboard.o
    0x08004190   0x00000198   Code   RO          874    i.ReadKeyBoard      keyboard.o
    0x08004328   0x00000002   Code   RO          196    i.SVC_Handler       stm32f4xx_it.o
    0x0800432a   0x00000002   Code   RO         1233    i.SemilogY          lcd.o
    0x0800432c   0x000000ec   Code   RO          261    i.SetSysClock       system_stm32f4xx.o
    0x08004418   0x00000032   Code   RO         3614    i.Stack_Pop         guitask.o
    0x0800444a   0x00000026   Code   RO         3615    i.Stack_Push        guitask.o
    0x08004470   0x00000028   Code   RO         1760    i.SysTick_CLKSourceConfig  misc.o
    0x08004498   0x00000002   Code   RO          197    i.SysTick_Handler   stm32f4xx_it.o
    0x0800449a   0x00000002   PAD
    0x0800449c   0x00000068   Code   RO          263    i.SystemInit        system_stm32f4xx.o
    0x08004504   0x0000397c   Code   RO         1234    i.TFTLCD_Init       lcd.o
    0x08007e80   0x0000005c   Code   RO          875    i.TestCol           keyboard.o
    0x08007edc   0x00000054   Code   RO          876    i.TestRow           keyboard.o
    0x08007f30   0x0000006c   Code   RO         1604    i.USART3_IRQHandler  usart.o
    0x08007f9c   0x00000012   Code   RO         2288    i.USART_ClearFlag   stm32f4xx_usart.o
    0x08007fae   0x0000001e   Code   RO         2289    i.USART_ClearITPendingBit  stm32f4xx_usart.o
    0x08007fcc   0x00000018   Code   RO         2292    i.USART_Cmd         stm32f4xx_usart.o
    0x08007fe4   0x00000054   Code   RO         2296    i.USART_GetITStatus  stm32f4xx_usart.o
    0x08008038   0x0000004a   Code   RO         2298    i.USART_ITConfig    stm32f4xx_usart.o
    0x08008082   0x00000002   PAD
    0x08008084   0x000000d4   Code   RO         2299    i.USART_Init        stm32f4xx_usart.o
    0x08008158   0x0000000a   Code   RO         2306    i.USART_ReceiveData  stm32f4xx_usart.o
    0x08008162   0x00000004   Code   RO          198    i.UsageFault_Handler  stm32f4xx_it.o
    0x08008166   0x00000002   Code   RO         1235    i.XCursor           lcd.o
    0x08008168   0x00000080   Code   RO         1236    i.XLinspace         lcd.o
    0x080081e8   0x00000080   Code   RO         1237    i.Y2Linspace        lcd.o
    0x08008268   0x00000028   Code   RO         1238    i.YCursor           lcd.o
    0x08008290   0x00000080   Code   RO         1239    i.YLinspace         lcd.o
    0x08008310   0x00000030   Code   RO         3870    i.__ARM_fpclassify  m_wm.l(fpclassify.o)
    0x08008340   0x000002d8   Code   RO         3790    i.__hardfp_atan     m_wm.l(atan.o)
    0x08008618   0x000003c4   Code   RO         3872    i.__hardfp_log      m_wm.l(log.o)
    0x080089dc   0x00000004   PAD
    0x080089e0   0x00000130   Code   RO         3804    i.__hardfp_log10    m_wm.l(log10.o)
    0x08008b10   0x0000007a   Code   RO         3816    i.__hardfp_sqrt     m_wm.l(sqrt.o)
    0x08008b8a   0x000000f8   Code   RO         3886    i.__kernel_poly     m_wm.l(poly.o)
    0x08008c82   0x00000006   PAD
    0x08008c88   0x00000030   Code   RO         3850    i.__mathlib_dbl_divzero  m_wm.l(dunder.o)
    0x08008cb8   0x00000014   Code   RO         3851    i.__mathlib_dbl_infnan  m_wm.l(dunder.o)
    0x08008ccc   0x00000004   PAD
    0x08008cd0   0x00000020   Code   RO         3853    i.__mathlib_dbl_invalid  m_wm.l(dunder.o)
    0x08008cf0   0x00000020   Code   RO         3856    i.__mathlib_dbl_underflow  m_wm.l(dunder.o)
    0x08008d10   0x00000002   Code   RO         1605    i._sys_exit         usart.o
    0x08008d12   0x00000002   PAD
    0x08008d14   0x0000003c   Code   RO         1564    i.delay_init        delay.o
    0x08008d50   0x00000038   Code   RO         1565    i.delay_ms          delay.o
    0x08008d88   0x0000004c   Code   RO         1566    i.delay_us          delay.o
    0x08008dd4   0x0000004c   Code   RO         1567    i.delay_xms         delay.o
    0x08008e20   0x00000018   Code   RO         3866    i.fabs              m_wm.l(fabs.o)
    0x08008e38   0x00000198   Code   RO          878    i.input_double_s    keyboard.o
    0x08008fd0   0x00000010   Code   RO         3874    i.log               m_wm.l(log.o)
    0x08008fe0   0x000000d4   Code   RO            3    i.main              main.o
    0x080090b4   0x0000000e   Code   RO         1240    i.opt_delay         lcd.o
    0x080090c2   0x00000054   Code   RO         3616    i.preTest           guitask.o
    0x08009116   0x00000002   PAD
    0x08009118   0x00000034   Code   RO         1241    i.reset_init        lcd.o
    0x0800914c   0x000000b4   Code   RO         1607    i.usart3_init       usart.o
    0x08009200   0x00000018   Code   RO         3742    x$fpl$basic         fz_wm.l(basic.o)
    0x08009218   0x00000150   Code   RO         3746    x$fpl$dadd          fz_wm.l(daddsub_clz.o)
    0x08009368   0x00000018   Code   RO         3837    x$fpl$dcmpinf       fz_wm.l(dcmpi.o)
    0x08009380   0x000002b0   Code   RO         3753    x$fpl$ddiv          fz_wm.l(ddiv.o)
    0x08009630   0x00000078   Code   RO         3910    x$fpl$deqf          fz_wm.l(deqf.o)
    0x080096a8   0x0000005a   Code   RO         3764    x$fpl$dfixu         fz_wm.l(dfixu.o)
    0x08009702   0x0000002e   Code   RO         3773    x$fpl$dflt          fz_wm.l(dflt_clz.o)
    0x08009730   0x000000a2   Code   RO         3778    x$fpl$dfltll        fz_wm.l(dfltll_clz.o)
    0x080097d2   0x00000026   Code   RO         3772    x$fpl$dfltu         fz_wm.l(dflt_clz.o)
    0x080097f8   0x0000008a   Code   RO         3779    x$fpl$dfltull       fz_wm.l(dfltll_clz.o)
    0x08009882   0x00000002   PAD
    0x08009884   0x00000078   Code   RO         3782    x$fpl$dleqf         fz_wm.l(dleqf.o)
    0x080098fc   0x00000154   Code   RO         3784    x$fpl$dmul          fz_wm.l(dmul.o)
    0x08009a50   0x0000009c   Code   RO         3839    x$fpl$dnaninf       fz_wm.l(dnaninf.o)
    0x08009aec   0x0000000c   Code   RO         3841    x$fpl$dretinf       fz_wm.l(dretinf.o)
    0x08009af8   0x0000006c   Code   RO         3786    x$fpl$drleqf        fz_wm.l(drleqf.o)
    0x08009b64   0x00000016   Code   RO         3747    x$fpl$drsb          fz_wm.l(daddsub_clz.o)
    0x08009b7a   0x00000002   PAD
    0x08009b7c   0x00000198   Code   RO         3843    x$fpl$dsqrt         fz_wm.l(dsqrt_umaal.o)
    0x08009d14   0x000001d4   Code   RO         3748    x$fpl$dsub          fz_wm.l(daddsub_clz.o)
    0x08009ee8   0x00000056   Code   RO         3788    x$fpl$f2d           fz_wm.l(f2d.o)
    0x08009f3e   0x0000008c   Code   RO         3845    x$fpl$fnaninf       fz_wm.l(fnaninf.o)
    0x08009fca   0x0000000a   Code   RO         3996    x$fpl$fpinit        fz_wm.l(fpinit.o)
    0x08009fd4   0x00000078   Code   RO         3768    x$fpl$llufromd      fz_wm.l(dfixull.o)
    0x0800a04c   0x00000000   Code   RO         3849    x$fpl$usenofp       fz_wm.l(usenofp.o)
    0x0800a04c   0x00000010   Data   RO          881    .constdata          keyboard.o
    0x0800a05c   0x00004d30   Data   RO         1243    .constdata          lcd.o
    0x0800ed8c   0x00000004   PAD
    0x0800ed90   0x00000098   Data   RO         3793    .constdata          m_wm.l(atan.o)
    0x0800ee28   0x00000038   Data   RO         3875    .constdata          m_wm.l(log.o)
    0x0800ee60   0x00000008   Data   RO         3912    .constdata          m_wm.l(qnan.o)
    0x0800ee68   0x0000001d   Data   RO            4    .conststring        main.o
    0x0800ee85   0x00000003   PAD
    0x0800ee88   0x00000020   Data   RO         4050    Region$$Table       anon$$obj.o


    Execution Region RW_IRAM1 (Base: 0x20000000, Size: 0x000058a0, Max: 0x00020000, ABSOLUTE, COMPRESSED[0x000001b0])

    Base Addr    Size         Type   Attr      Idx    E Section Name        Object

    0x20000000   0x00000af0   Data   RW            5    .data               main.o
    0x20000af0   0x00000020   Data   RW          882    .data               keyboard.o
    0x20000b10   0x00000002   Data   RW         1005    .data               ads1118_spi.o
    0x20000b12   0x0000003f   Data   RW         1072    .data               ad9854.o
    0x20000b51   0x00000001   PAD
    0x20000b52   0x00000004   Data   RW         1244    .data               lcd.o
    0x20000b56   0x00000004   Data   RW         1568    .data               delay.o
    0x20000b5a   0x00000002   PAD
    0x20000b5c   0x00000008   Data   RW         1609    .data               usart.o
    0x20000b64   0x00000010   Data   RW         1951    .data               stm32f4xx_rcc.o
    0x20000b74   0x00000004   PAD
    0x20000b78   0x00004578   Data   RW         3618    .data               guitask.o
    0x200050f0   0x00000033   Zero   RW          880    .bss                keyboard.o
    0x20005123   0x00000005   PAD
    0x20005128   0x00000028   Zero   RW         1004    .bss                ads1118_spi.o
    0x20005150   0x0000000e   Zero   RW         1242    .bss                lcd.o
    0x2000515e   0x000000c8   Zero   RW         1608    .bss                usart.o
    0x20005226   0x00000014   Zero   RW         3617    .bss                guitask.o
    0x2000523a   0x00000002   PAD
    0x2000523c   0x00000060   Zero   RW         3914    .bss                c_w.l(libspace.o)
    0x2000529c   0x00000004   PAD
    0x200052a0   0x00000200   Zero   RW         1748    HEAP                startup_stm32f40_41xxx.o
    0x200054a0   0x00000400   Zero   RW         1747    STACK               startup_stm32f40_41xxx.o


==============================================================================

Image component sizes


      Code (inc. data)   RO Data    RW Data    ZI Data      Debug   Object Name

       492         32          0         63          0       4275   ad9854.o
       520         20          0          2         40       3851   ads1118_spi.o
       268         16          0          4          0       2495   delay.o
       216         14          0          0          0        678   fpgaspi.o
      4212        464          0      17784         20      12075   guitask.o
      1744        120         16         32         51      13137   keyboard.o
     23852        278      19760          4         14      44681   lcd.o
         0          0          0          0          0     229156   lcd12864.o
       212         54         29       2800          0     274413   main.o
       180         24          0          0          0       2049   misc.o
        64         26        392          0       1536        836   startup_stm32f40_41xxx.o
        36         10          0          0          0       1124   stm32f4xx_exti.o
       282          6          0          0          0       1801   stm32f4xx_fsmc.o
       240          0          0          0          0       3487   stm32f4xx_gpio.o
        26          0          0          0          0       4022   stm32f4xx_it.o
       328         36          0         16          0       4583   stm32f4xx_rcc.o
       452          8          0          0          0       5454   stm32f4xx_usart.o
       340         32          0          0          0       1465   system_stm32f4xx.o
       290         22          0          8        200       3704   usart.o

    ----------------------------------------------------------------------
     33780       1162      20236      20720       1868     613286   Object Totals
         0          0         32          0          0          0   (incl. Generated)
        26          0          7          7          7          0   (incl. Padding)

    ----------------------------------------------------------------------

      Code (inc. data)   RO Data    RW Data    ZI Data      Debug   Library Member Name

        90          0          0          0          0          0   __dczerorl2.o
         8          0          0          0          0         68   __main.o
         0          0          0          0          0          0   __rtentry.o
        12          0          0          0          0          0   __rtentry2.o
         6          0          0          0          0          0   __rtentry4.o
        52          8          0          0          0          0   __scatter.o
        28          0          0          0          0          0   __scatter_zi.o
        22          0          0          0          0        100   _rserrno.o
        18          0          0          0          0         80   exit.o
         6          0          0          0          0        152   heapauxi.o
         2          0          0          0          0          0   libinit.o
         6          0          0          0          0          0   libinit2.o
         2          0          0          0          0          0   libshutdown.o
         2          0          0          0          0          0   libshutdown2.o
         8          4          0          0         96         68   libspace.o
       238          0          0          0          0        100   lludivv7m.o
         8          4          0          0          0         68   rt_errno_addr_intlibspace.o
         2          0          0          0          0          0   rtexit.o
        10          0          0          0          0          0   rtexit2.o
        74          0          0          0          0         80   sys_stackheap_outer.o
         2          0          0          0          0         68   use_no_semi.o
         2          0          0          0          0         68   use_no_semi_2.o
        24          0          0          0          0        164   basic.o
       826         16          0          0          0        492   daddsub_clz.o
        24          0          0          0          0        116   dcmpi.o
       688        140          0          0          0        256   ddiv.o
       120          4          0          0          0        140   deqf.o
        90          4          0          0          0        140   dfixu.o
       120          4          0          0          0        152   dfixull.o
        84          0          0          0          0        232   dflt_clz.o
       300          0          0          0          0        264   dfltll_clz.o
       120          4          0          0          0        140   dleqf.o
       340         12          0          0          0        152   dmul.o
       156          4          0          0          0        140   dnaninf.o
        12          0          0          0          0        116   dretinf.o
       108          0          0          0          0        128   drleqf.o
       408         56          0          0          0        168   dsqrt_umaal.o
        86          4          0          0          0        132   f2d.o
       140          4          0          0          0        132   fnaninf.o
        10          0          0          0          0        116   fpinit.o
         0          0          0          0          0          0   usenofp.o
       728        106        152          0          0        228   atan.o
       132         36          0          0          0        496   dunder.o
        24          0          0          0          0        124   fabs.o
        48          0          0          0          0        124   fpclassify.o
       980         92         56          0          0        440   log.o
       304         44          0          0          0        200   log10.o
       248          0          0          0          0        152   poly.o
         0          0          8          0          0          0   qnan.o
       122          0          0          0          0        148   sqrt.o

    ----------------------------------------------------------------------
      6864        550        216          0        100       5944   Library Totals
        24          4          0          0          4          0   (incl. Padding)

    ----------------------------------------------------------------------

      Code (inc. data)   RO Data    RW Data    ZI Data      Debug   Library Name

       598         16          0          0         96        852   c_w.l
      3656        252          0          0          0       3180   fz_wm.l
      2586        278        216          0          0       1912   m_wm.l

    ----------------------------------------------------------------------
      6864        550        216          0        100       5944   Library Totals

    ----------------------------------------------------------------------

==============================================================================


      Code (inc. data)   RO Data    RW Data    ZI Data      Debug   

     40644       1712      20452      20720       1968     604718   Grand Totals
     40644       1712      20452        432       1968     604718   ELF Image Totals (compressed)
     40644       1712      20452        432          0          0   ROM Totals

==============================================================================

    Total RO  Size (Code + RO Data)                61096 (  59.66kB)
    Total RW  Size (RW Data + ZI Data)             22688 (  22.16kB)
    Total ROM Size (Code + RO Data + RW Data)      61528 (  60.09kB)

==============================================================================

